******************************************************************************
            TI ARM Clang Linker PC v3.2.1                      
******************************************************************************
>> Linked Sat Feb 24 06:10:47 2024

OUTPUT FILE NAME:   <gpiointerrupt_CC3220S_LAUNCHXL_nortos_ticlang.out>
ENTRY POINT SYMBOL: "resetISR"  address: 20011721


MEMORY CONFIGURATION

         name            origin    length      used     unused   attr    fill
----------------------  --------  ---------  --------  --------  ----  --------
  SRAM2                 20000000   00004000  0000130c  00002cf4  RW X
  SRAM                  20004000   0003c000  0000f6e8  0002c918  RW X
  LOG_DATA              90000000   00040000  00000000  00040000  R   
  LOG_PTR               94000008   00040000  00000000  00040000  R   


SEGMENT ALLOCATION MAP

run origin  load origin   length   init length attrs members
----------  ----------- ---------- ----------- ----- -------
20003000    20003000    00001000   00000000    rw-
  20003000    20003000    00001000   00000000    rw- .stack
20004000    20004000    00000040   00000040    r--
  20004000    20004000    00000040   00000040    r-- .resetVecs
20004040    20004040    00008000   00000000    rw-
  20004040    20004040    00008000   00000000    rw- .sysmem
2000c040    2000c040    00005f24   00005f24    r-x
  2000c040    2000c040    00005e18   00005e18    r-x .text
  20011e58    20011e58    0000010c   0000010c    r-- .cinit
20012000    20012000    00000a16   00000000    rw-
  20012000    20012000    00000a16   00000000    rw- .bss
20012a20    20012a20    000006c5   000006c5    r--
  20012a20    20012a20    000006c5   000006c5    r-- .rodata
200130e8    200130e8    000006a9   00000000    rw-
  200130e8    200130e8    000006a9   00000000    rw- .data


SECTION ALLOCATION MAP

 output                                  attributes/
section   page    origin      length       input sections
--------  ----  ----------  ----------   ----------------
.text      0    2000c040    00005e18     
                  2000c040    0000086c     libc.a : _printfi.c.obj (.text:__TI_printfi_nofloat)
                  2000c8ac    000004b8     driverlib.a : prcm.obj (.text.PRCMCC3200MCUInit)
                  2000cd64    000003e4     drivers_cc32xx.a : PowerCC32XX.c.obj (.text.Power_sleep)
                  2000d148    00000222                      : UART2CC32XX.c.obj (.text.UART2CC32XX_hwiIntFxn)
                  2000d36a    00000002     ti_drivers_config.o (.text.Board_initHook)
                  2000d36c    000001cc     drivers_cc32xx.a : UART2CC32XX.c.obj (.text.UART2_open)
                  2000d538    00000178     gpiointerrupt.o (.text.initI2C)
                  2000d6b0    00000174     drivers_cc32xx.a : UART2.c.obj (.text.UART2_writeTimeoutBlocking)
                  2000d824    00000164     gpiointerrupt.o (.text.mainThread)
                  2000d988    00000150     nortos_cc32xx.a : PowerCC32XX_nortos.c.obj (.text.PowerCC32XX_sleepPolicy)
                  2000dad8    00000148     drivers_cc32xx.a : TimerCC32XX.c.obj (.text.Timer_open)
                  2000dc20    00000140                      : GPIOCC32XX.c.obj (.text.GPIO_setConfig)
                  2000dd60    00000138                      : I2CCC32XX.c.obj (.text.I2CCC32XX_hwiFxn)
                  2000de98    00000126                      : I2C.c.obj (.text.I2C_transferTimeout)
                  2000dfbe    00000002                      : I2C.c.obj (.text.I2C_init)
                  2000dfc0    00000120     libc.a : memory.c.obj (.text.aligned_alloc)
                  2000e0e0    0000011a     drivers_cc32xx.a : UART2.c.obj (.text.UART2_writeTimeoutNonblocking)
                  2000e1fa    00000112     driverlib.a : udma.obj (.text.uDMAChannelTransferSet)
                  2000e30c    000000fc     libclang_rt.builtins.a : muldf3.S.obj (.text.__muldf3)
                  2000e408    000000fa                            : addsf3.S.obj (.text)
                  2000e502    00000002     nortos_cc32xx.a : PowerCC32XX_nortos.c.obj (.text.PowerCC32XX_initPolicy)
                  2000e504    000000f0     libc.a : memory.c.obj (.text.free)
                  2000e5f4    000000e8     drivers_cc32xx.a : I2CCC32XX.c.obj (.text.I2C_open)
                  2000e6dc    000000e8                      : UART2CC32XX.c.obj (.text.UART2_close)
                  2000e7c4    000000cc                      : UART2CC32XX.c.obj (.text.UART2Support_dmaStartRx)
                  2000e890    000000c8     driverlib.a : interrupt.obj (.text.IntDisable)
                  2000e958    000000c8                 : interrupt.obj (.text.IntEnable)
                  2000ea20    000000c4     drivers_cc32xx.a : UART2CC32XX.c.obj (.text.UART2CC32XX_initHw)
                  2000eae4    000000b8                      : UART2CC32XX.c.obj (.text.UART2Support_dmaStartTx)
                  2000eb9c    000000b0     libclang_rt.builtins.a : udivmoddi4.S.obj (.text)
                  2000ec4c    000000ac     driverlib.a : gpio.obj (.text.GPIOIntTypeSet)
                  2000ecf8    000000a4                 : interrupt.obj (.text.IntPendSet)
                  2000ed9c    000000a2                 : pin.obj (.text.PinConfigSet)
                  2000ee3e    0000009c     drivers_cc32xx.a : I2CCC32XX.c.obj (.text.I2CCC32XX_completeTransfer)
                  2000eeda    00000002     nortos_cc32xx.a : SemaphoreP_nortos.c.obj (.text.SemaphoreP_destruct)
                  2000eedc    0000009c     gpiointerrupt.o (.text.readTemp)
                  2000ef78    00000098     driverlib.a : i2c.obj (.text.I2CMasterInitExpClk)
                  2000f010    00000098     nortos_cc32xx.a : SemaphoreP_nortos.c.obj (.text.SemaphoreP_pend)
                  2000f0a8    00000008                     : HwiPCC32XX_nortos.c.obj (.text.HwiP_disable)
                  2000f0b0    00000096     drivers_cc32xx.a : PowerCC32XX_ticlang.asm.obj (.text)
                  2000f146    00000092     driverlib.a : udma.obj (.text.uDMAChannelAttributeDisable)
                  2000f1d8    00000090     drivers_cc32xx.a : GPIOCC32XX.c.obj (.text.GPIO_init)
                  2000f268    0000008e     driverlib.a : prcm.obj (.text.PRCMSysResetCauseGet)
                  2000f2f6    00000002     drivers_cc32xx.a : Timer.c.obj (.text.Timer_init)
                  2000f2f8    00000088                      : PowerCC32XX.c.obj (.text.PowerCC32XX_configureWakeup)
                  2000f380    0000007a                      : I2CCC32XX.c.obj (.text.I2CCC32XX_primeReadBurst)
                  2000f3fa    00000002                      : UART2CC32XX.c.obj (.text.UART2CC32XX_eventCallback)
                  2000f3fc    00000078                      : PowerCC32XX.c.obj (.text.Power_init)
                  2000f474    00000074     nortos_cc32xx.a : HwiPCC32XX_nortos.c.obj (.text.HwiP_construct)
                  2000f4e8    00000074     driverlib.a : prcm.obj (.text.PRCMHibernateWakeUpGPIOSelect)
                  2000f55c    00000074                 : uart.obj (.text.UARTConfigSetExpClk)
                  2000f5d0    00000070     libc.a : copy_decompress_lzss.c.obj (.text:decompress:lzss)
                  2000f640    0000006c     driverlib.a : pin.obj (.text.PinLockLevelSet)
                  2000f6ac    0000006c     drivers_cc32xx.a : PowerCC32XX.c.obj (.text.Power_setDependency)
                  2000f718    0000006c                      : UDMACC32XX.c.obj (.text.UDMACC32XX_open)
                  2000f784    0000006c                      : GPIOCC32XX.c.obj (.text.powerNotifyFxn)
                  2000f7f0    0000006c     libc.a : memory.c.obj (.text.split)
                  2000f85c    0000006a     driverlib.a : prcm.obj (.text.PRCMPeripheralReset)
                  2000f8c6    00000002     libclang_rt.builtins.a : aeabi_div0.c.obj (.text.__aeabi_ldiv0)
                  2000f8c8    00000068     drivers_cc32xx.a : I2CCC32XX.c.obj (.text.I2CCC32XX_initHw)
                  2000f930    00000068     driverlib.a : interrupt.obj (.text.IntPendClear)
                  2000f998    00000066     drivers_cc32xx.a : I2CCC32XX.c.obj (.text.I2CCC32XX_primeWriteBurst)
                  2000f9fe    00000002     libc.a : _lock.c.obj (.text._nop)
                  2000fa00    00000062     libclang_rt.builtins.a : aeabi_fcmp.S.obj (.text.__aeabi_fcmp)
                  2000fa62    00000002     nortos_cc32xx.a : startup_cc32xx_ticlang.c.obj (.text.busFaultHandler)
                  2000fa64    00000060     drivers_cc32xx.a : GPIOCC32XX.c.obj (.text.GPIO_write)
                  2000fac4    00000060                      : UART2CC32XX.c.obj (.text.UART2Support_dmaStopTx)
                  2000fb24    0000005c     driverlib.a : flash.obj (.text.FlashDisable)
                  2000fb80    0000005c     drivers_cc32xx.a : I2CCC32XX.c.obj (.text.I2CSupport_primeTransfer)
                  2000fbdc    0000005c     driverlib.a : prcm.obj (.text.PRCMHibernateWakeupSourceDisable)
                  2000fc38    0000005c     drivers_cc32xx.a : TimerCC32XX.c.obj (.text.TimerCC32XX_allocateTimerResource)
                  2000fc94    0000005a     driverlib.a : prcm.obj (.text.PRCMPeripheralClkEnable)
                  2000fcee    00000002     nortos_cc32xx.a : SemaphoreP_nortos.c.obj (.text.clkFxn)
                  2000fcf0    00000058                     : ClockPSysTick_nortos.c.obj (.text.ClockP_startup)
                  2000fd48    00000058     driverlib.a : interrupt.obj (.text.IntPrioritySet)
                  2000fda0    00000056                 : prcm.obj (.text.PRCMLPDSEnter)
                  2000fdf6    00000002     nortos_cc32xx.a : startup_cc32xx_ticlang.c.obj (.text.defaultHandler)
                  2000fdf8    00000054     drivers_cc32xx.a : PowerCC32XX.c.obj (.text.PowerCC32XX_setParkState)
                  2000fe4c    00000054                      : PowerCC32XX.c.obj (.text.Power_releaseDependency)
                  2000fea0    00000054     gpiointerrupt.o (.text.TickFct_ButtonPressed)
                  2000fef4    00000050     drivers_cc32xx.a : GPIOCC32XX.c.obj (.text.GPIO_hwiIntFxn)
                  2000ff44    00000050     driverlib.a : prcm.obj (.text.PRCMHibernateWakeupSourceEnable)
                  2000ff94    00000050     nortos_cc32xx.a : SemaphoreP_nortos.c.obj (.text.SemaphoreP_construct)
                  2000ffe4    0000004e     driverlib.a : udma.obj (.text.uDMAChannelAssign)
                  20010032    00000002     nortos_cc32xx.a : startup_cc32xx_ticlang.c.obj (.text.faultISR)
                  20010034    0000004c     drivers_cc32xx.a : GPIOCC32XX.c.obj (.text.GPIO_setInterruptConfig)
                  20010080    0000004c     driverlib.a : prcm.obj (.text.PRCMLPDSRestoreInfoSet)
                  200100cc    0000004c     gpiointerrupt.o (.text.TickFct_CheckHeat)
                  20010118    0000004c     drivers_cc32xx.a : TimerCC32XX.c.obj (.text.initHw)
                  20010164    0000004a                      : UART2CC32XX.c.obj (.text.UART2Support_dmaStopRx)
                  200101ae    0000004a                      : TimerCC32XX.c.obj (.text.getPrescaler)
                  200101f8    0000004a     driverlib.a : udma.obj (.text.uDMAChannelSizeGet)
                  20010242    00000002     nortos_cc32xx.a : startup_cc32xx_ticlang.c.obj (.text.nmiISR)
                  20010244    00000048                     : ClockPSysTick_nortos.c.obj (.text.ClockP_sysTickHandler)
                  2001028c    00000048     driverlib.a : prcm.obj (.text.PRCMIntEnable)
                  200102d4    00000048                 : prcm.obj (.text.PRCMPeripheralStatusGet)
                  2001031c    00000048                 : pin.obj (.text.PinConfigGet)
                  20010364    00000048     libclang_rt.builtins.a : fixdfsi.S.obj (.text.__fixdfsi)
                  200103ac    00000046     drivers_cc32xx.a : I2CCC32XX.c.obj (.text.I2CCC32XX_fillTransmitFifo)
                  200103f2    00000046     driverlib.a : prcm.obj (.text.PRCMLPDSEnterKeepDebugIf)
                  20010438    00000046     drivers_cc32xx.a : RingBuf.c.obj (.text.RingBuf_put)
                  2001047e    00000044     driverlib.a : gpio.obj (.text.GPIODirModeSet)
                  200104c2    00000002     --HOLE-- [fill = 0]
                  200104c4    00000044     drivers_cc32xx.a : GPIOCC32XX.c.obj (.text.GPIO_disableInt)
                  20010508    00000044                      : GPIOCC32XX.c.obj (.text.GPIO_enableInt)
                  2001054c    00000044                      : PowerCC32XX.c.obj (.text.Power_releaseConstraint)
                  20010590    00000044                      : Timer.c.obj (.text.Timer_start)
                  200105d4    00000044     nortos_cc32xx.a : ClockPSysTick_nortos.c.obj (.text.addToList)
                  20010618    00000044     gpiointerrupt.o (.text.initTimer)
                  2001065c    00000044     libc.a : snprintf.c.obj (.text.snprintf)
                  200106a0    00000042     driverlib.a : pin.obj (.text.PinModeSet)
                  200106e2    00000042                 : timer.obj (.text.TimerControlStall)
                  20010724    00000042     drivers_cc32xx.a : TimerCC32XX.c.obj (.text.Timer_close)
                  20010766    00000042     nortos_cc32xx.a : PowerCC32XX_nortos.c.obj (.text.getCountsRTC)
                  200107a8    00000040                     : SemaphoreP_nortos.c.obj (.text.SemaphoreP_post)
                  200107e8    00000040     gpiointerrupt.o (.text.TickFct_LedSwitch)
                  20010828    00000040     drivers_cc32xx.a : Timer.c.obj (.text.Timer_stop)
                  20010868    00000040     libc.a : atoi.c.obj (.text.atoi)
                  200108a8    00000040     driverlib.a : udma.obj (.text.uDMAChannelControlSet)
                  200108e8    0000003e                 : pin.obj (.text.PinDirModeSet)
                  20010926    00000002     --HOLE-- [fill = 0]
                  20010928    0000003c     nortos_cc32xx.a : ClockPSysTick_nortos.c.obj (.text.ClockP_stop)
                  20010964    0000003c     drivers_cc32xx.a : UDMACC32XX.c.obj (.text.UDMACC32XX_init)
                  200109a0    0000003a                      : TimerCC32XX.c.obj (.text.TimerSupport_timerEnable)
                  200109da    00000002     --HOLE-- [fill = 0]
                  200109dc    00000038     nortos_cc32xx.a : ClockPSysTick_nortos.c.obj (.text.ClockP_destruct)
                  20010a14    00000038     drivers_cc32xx.a : PowerCC32XX.c.obj (.text.Power_setConstraint)
                  20010a4c    00000038                      : RingBuf.c.obj (.text.RingBuf_putAdvance)
                  20010a84    00000038     nortos_cc32xx.a : SwiP_nortos.c.obj (.text.SwiP_restore)
                  20010abc    00000038     drivers_cc32xx.a : UDMACC32XX.c.obj (.text.UDMACC32XX_close)
                  20010af4    00000038     libclang_rt.builtins.a : floatsisf.S.obj (.text.__floatsisf)
                  20010b2c    00000038                            : comparesf2.S.obj (.text.__gtsf2)
                  20010b64    00000038     libc.a : autoinit.c.obj (.text:__TI_auto_init_nobinit_nopinit)
                  20010b9c    00000036     driverlib.a : pin.obj (.text.PinLock)
                  20010bd2    00000036     drivers_cc32xx.a : TimerCC32XX.c.obj (.text.TimerCC32XX_hwiIntFunction)
                  20010c08    00000036     driverlib.a : uart.obj (.text.UARTCharPutNonBlocking)
                  20010c3e    00000002     --HOLE-- [fill = 0]
                  20010c40    00000036     libclang_rt.builtins.a : comparesf2.S.obj (.text.__eqsf2)
                  20010c76    00000002     --HOLE-- [fill = 0]
                  20010c78    00000034     nortos_cc32xx.a : ClockPSysTick_nortos.c.obj (.text.ClockP_start)
                  20010cac    00000034     driverlib.a : i2c.obj (.text.I2CFIFODataPutNonBlocking)
                  20010ce0    00000034                 : pin.obj (.text.PinDirModeGet)
                  20010d14    00000034                 : pin.obj (.text.PinModeGet)
                  20010d48    00000034     drivers_cc32xx.a : PowerCC32XX.c.obj (.text.PowerCC32XX_parkPin)
                  20010d7c    00000034                      : TimerCC32XX.c.obj (.text.TimerCC32XX_freeTimerResource)
                  20010db0    00000034                      : UART2.c.obj (.text.UART2_rxDisable)
                  20010de4    00000034     nortos_cc32xx.a : startup_cc32xx_ticlang.c.obj (.text.initVectors)
                  20010e18    00000030                     : ClockPSysTick_nortos.c.obj (.text.ClockP_getTicksUntilInterrupt)
                  20010e48    00000030     driverlib.a : i2c.obj (.text.I2CFIFODataGetNonBlocking)
                  20010e78    00000030                 : prcm.obj (.text.PRCMLPDSIntervalSet)
                  20010ea8    00000030                 : prcm.obj (.text.PRCMSlowClkCtrFastGet)
                  20010ed8    00000030                 : timer.obj (.text.TimerLoadSet)
                  20010f08    00000030                 : timer.obj (.text.TimerPrescaleSet)
                  20010f38    00000030     libc.a : snprintf.c.obj (.text._outs)
                  20010f68    00000030     drivers_cc32xx.a : PowerCC32XX.c.obj (.text.notify)
                  20010f98    0000002e     driverlib.a : gpio.obj (.text.GPIOIntStatus)
                  20010fc6    0000002e     drivers_cc32xx.a : RingBuf.c.obj (.text.RingBuf_getConsume)
                  20010ff4    0000002e                      : RingBuf.c.obj (.text.RingBuf_putPointer)
                  20011022    0000002e     driverlib.a : uart.obj (.text.UARTDisable)
                  20011050    0000002e     libclang_rt.builtins.a : floatsidf.S.obj (.text.__floatsidf)
                  2001107e    0000002c     driverlib.a : i2c.obj (.text.I2CMasterIntStatusEx)
                  200110aa    0000002c     drivers_cc32xx.a : UART2CC32XX.c.obj (.text.UART2CC32XX_getRxData)
                  200110d6    00000002     --HOLE-- [fill = 0]
                  200110d8    0000002c     gpiointerrupt.o (.text.initUART)
                  20011104    0000002a     nortos_cc32xx.a : HwiPCC32XX_nortos.c.obj (.text.HwiP_create)
                  2001112e    0000002a     driverlib.a : prcm.obj (.text.PRCMLPDSWakeUpGPIOSelect)
                  20011158    0000002a                 : prcm.obj (.text.PRCMPeripheralClkDisable)
                  20011182    0000002a                 : uart.obj (.text.UARTIntStatus)
                  200111ac    00000028                 : i2c.obj (.text.I2CMasterBusBusy)
                  200111d4    00000028                 : i2c.obj (.text.I2CMasterSlaveAddrSet)
                  200111fc    00000028                 : i2c.obj (.text.I2CTxFIFOConfigSet)
                  20011224    00000028     drivers_cc32xx.a : I2C.c.obj (.text.I2C_cancel)
                  2001124c    00000028                      : List.c.obj (.text.List_remove)
                  20011274    00000028     driverlib.a : prcm.obj (.text.PRCMSRAMRetentionEnable)
                  2001129c    00000028     drivers_cc32xx.a : PowerCC32XX.c.obj (.text.PowerCC32XX_getParkState)
                  200112c4    00000028                      : TimerCC32XX.c.obj (.text.TimerSupport_timerDisable)
                  200112ec    00000028     libc.a : memory.c.obj (.text.free_list_insert)
                  20011314    00000024     driverlib.a : i2c.obj (.text.I2CRxFIFOConfigSet)
                  20011338    00000024                 : interrupt.obj (.text.IntUnregister)
                  2001135c    00000024     drivers_cc32xx.a : List.c.obj (.text.List_put)
                  20011380    00000024     driverlib.a : prcm.obj (.text.PRCMLPDSWakeupSourceEnable)
                  200113a4    00000024     drivers_cc32xx.a : PowerCC32XX.c.obj (.text.PowerCC32XX_restoreParkState)
                  200113c8    00000024                      : PowerCC32XX.c.obj (.text.PowerCC32XX_restoreParkedPin)
                  200113ec    00000024                      : PowerCC32XX.c.obj (.text.Power_registerNotify)
                  20011410    00000024                      : UART2CC32XX.c.obj (.text.UART2Support_disableRx)
                  20011434    00000024     libc.a : boot_cortex_m.c.obj (.text:_c_int00_noargs)
                  20011458    00000022     driverlib.a : gpio.obj (.text.GPIOPinWrite)
                  2001147a    00000022                 : pin.obj (.text.PinUnlock)
                  2001149c    00000022     drivers_cc32xx.a : RingBuf.c.obj (.text.RingBuf_getPointer)
                  200114be    00000022                      : UART2CC32XX.c.obj (.text.UART2Support_sendData)
                  200114e0    00000020     driverlib.a : interrupt.obj (.text.IntRegister)
                  20011500    00000020                 : pin.obj (.text.PinTypeI2C)
                  20011520    00000020     drivers_cc32xx.a : PowerCC32XX.c.obj (.text.PowerCC32XX_reset)
                  20011540    00000020                      : PowerCC32XX.c.obj (.text.Power_unregisterNotify)
                  20011560    00000020     nortos_cc32xx.a : SemaphoreP_nortos.c.obj (.text.SemaphoreP_constructBinary)
                  20011580    00000020                     : SemaphoreP_nortos.c.obj (.text.SemaphoreP_createBinary)
                  200115a0    00000020     driverlib.a : timer.obj (.text.TimerDisable)
                  200115c0    0000001e                 : pin.obj (.text.PinTypeUART)
                  200115de    0000001e     drivers_cc32xx.a : UART2.c.obj (.text.UART2_writeTimeout)
                  200115fc    0000001e     driverlib.a : uart.obj (.text.UARTEnable)
                  2001161a    0000001e     libc.a : memccpy.c.obj (.text.memccpy)
                  20011638    0000001e     driverlib.a : udma.obj (.text.uDMAChannelDisable)
                  20011656    0000001e                 : udma.obj (.text.uDMAChannelEnable)
                  20011674    0000001e                 : udma.obj (.text.uDMAChannelIsEnabled)
                  20011692    00000002     --HOLE-- [fill = 0]
                  20011694    0000001c     drivers_cc32xx.a : GPIO.c.obj (.text.GPIO_setCallback)
                  200116b0    0000001c     nortos_cc32xx.a : HwiPCC32XX_nortos.c.obj (.text.HwiP_dispatch)
                  200116cc    0000001c                     : SwiP_nortos.c.obj (.text.SwiP_disable)
                  200116e8    0000001c     libc.a : memory.c.obj (.text.free_list_remove)
                  20011704    0000001c     drivers_cc32xx.a : TimerCC32XX.c.obj (.text.getPowerMgrId)
                  20011720    0000001c     nortos_cc32xx.a : startup_cc32xx_ticlang.c.obj (.text.resetISR)
                  2001173c    0000001a     driverlib.a : gpio.obj (.text.GPIOIntDisable)
                  20011756    0000001a                 : prcm.obj (.text.PRCMHIBRegRead)
                  20011770    0000001a                 : prcm.obj (.text.PRCMHIBRegWrite)
                  2001178a    0000001a                 : prcm.obj (.text.PRCMLPDSWakeupSourceDisable)
                  200117a4    0000001a                 : pin.obj (.text.PinToPadGet)
                  200117be    0000001a                 : timer.obj (.text.TimerEnable)
                  200117d8    0000001a                 : uart.obj (.text.UARTFlowControlSet)
                  200117f2    00000018                 : gpio.obj (.text.GPIOIntEnable)
                  2001180a    00000018     nortos_cc32xx.a : SemaphoreP_nortos.c.obj (.text.SemaphoreP_create)
                  20011822    00000018     libc.a : snprintf.c.obj (.text._outc)
                  2001183a    00000016     ti_drivers_config.o (.text.Board_init)
                  20011850    00000016     driverlib.a : i2c.obj (.text.I2CMasterBurstLengthSet)
                  20011866    00000016                 : i2c.obj (.text.I2CMasterIntDisableEx)
                  2001187c    00000016                 : i2c.obj (.text.I2CRxFIFOFlush)
                  20011892    00000016                 : i2c.obj (.text.I2CTxFIFOFlush)
                  200118a8    00000016                 : systick.obj (.text.SysTickPeriodSet)
                  200118be    00000016                 : timer.obj (.text.TimerIntDisable)
                  200118d4    00000016                 : uart.obj (.text.UARTCharsAvail)
                  200118ea    00000016                 : uart.obj (.text.UARTDMADisable)
                  20011900    00000016                 : uart.obj (.text.UARTFIFOLevelSet)
                  20011916    00000016                 : uart.obj (.text.UARTIntDisable)
                  2001192c    00000014                 : cpu.obj (.text.CPUcpsid)
                  20011940    00000014                 : cpu.obj (.text.CPUcpsie)
                  20011954    00000014     nortos_cc32xx.a : HwiPCC32XX_nortos.c.obj (.text.HwiP_destruct)
                  20011968    00000014     driverlib.a : i2c.obj (.text.I2CMasterIntEnableEx)
                  2001197c    00000014                 : interrupt.obj (.text.IntVTableBaseSet)
                  20011990    00000014     drivers_cc32xx.a : PowerCC32XX.c.obj (.text.Power_disablePolicy)
                  200119a4    00000014                      : PowerCC32XX.c.obj (.text.Power_getTransitionLatency)
                  200119b8    00000014                      : PowerCC32XX.c.obj (.text.Power_idleFunc)
                  200119cc    00000014     driverlib.a : timer.obj (.text.TimerIntEnable)
                  200119e0    00000014                 : uart.obj (.text.UARTDMAEnable)
                  200119f4    00000014                 : uart.obj (.text.UARTIntEnable)
                  20011a08    00000014     libclang_rt.builtins.a : aeabi_uldivmod.S.obj (.text.__aeabi_uldivmod)
                  20011a1c    00000014     driverlib.a : udma.obj (.text.uDMAControlBaseSet)
                  20011a30    00000014                 : udma.obj (.text.uDMAIntClear)
                  20011a44    00000012     nortos_cc32xx.a : ClockPSysTick_nortos.c.obj (.text.ClockP_add)
                  20011a56    00000012     driverlib.a : gpio.obj (.text.GPIOIntClear)
                  20011a68    00000012     nortos_cc32xx.a : HwiPCC32XX_nortos.c.obj (.text.HwiP_Params_init)
                  20011a7a    00000012                     : HwiPCC32XX_nortos.c.obj (.text.HwiP_delete)
                  20011a8c    00000012     driverlib.a : i2c.obj (.text.I2CMasterDisable)
                  20011a9e    00000012                 : i2c.obj (.text.I2CMasterEnable)
                  20011ab0    00000012     drivers_cc32xx.a : I2C.c.obj (.text.I2C_transfer)
                  20011ac2    00000012     driverlib.a : systick.obj (.text.SysTickEnable)
                  20011ad4    00000012                 : systick.obj (.text.SysTickIntDisable)
                  20011ae6    00000012                 : systick.obj (.text.SysTickIntEnable)
                  20011af8    00000012     drivers_cc32xx.a : UDMACC32XX.c.obj (.text.postNotifyFxn)
                  20011b0a    00000012     libc.a : memcpy_t2.S.obj (.text:TI_memcpy_small)
                  20011b1c    00000010     nortos_cc32xx.a : ClockPSysTick_nortos.c.obj (.text.ClockP_getCpuFreq)
                  20011b2c    00000010                     : ClockPSysTick_nortos.c.obj (.text.ClockP_getSystemTicks)
                  20011b3c    00000010                     : ClockPSysTick_nortos.c.obj (.text.ClockP_setTicks)
                  20011b4c    00000010                     : HwiPCC32XX_nortos.c.obj (.text.HwiP_inISR)
                  20011b5c    00000010     driverlib.a : i2c.obj (.text.I2CMasterControl)
                  20011b6c    00000010                 : i2c.obj (.text.I2CMasterIntClearEx)
                  20011b7c    00000010                 : i2c.obj (.text.I2CMasterTimeoutSet)
                  20011b8c    00000010     drivers_cc32xx.a : PowerCC32XX.c.obj (.text.Power_enablePolicy)
                  20011b9c    00000010                      : RingBuf.c.obj (.text.RingBuf_construct)
                  20011bac    00000010     driverlib.a : timer.obj (.text.TimerIntClear)
                  20011bbc    00000010     drivers_cc32xx.a : Timer.c.obj (.text.Timer_Params_init)
                  20011bcc    00000010                      : UART2CC32XX.c.obj (.text.UART2Support_txDone)
                  20011bdc    00000010     driverlib.a : uart.obj (.text.UARTBusy)
                  20011bec    00000010                 : uart.obj (.text.UARTIntClear)
                  20011bfc    00000010                 : uart.obj (.text.UARTRxErrorGet)
                  20011c0c    00000010     gpiointerrupt.o (.text.gpioButtonFxn0)
                  20011c1c    00000010     gpiointerrupt.o (.text.gpioButtonFxn1)
                  20011c2c    00000010     main_nortos.o (.text.main)
                  20011c3c    00000010     libc.a : wcslen.c.obj (.text.wcslen)
                  20011c4c    00000010            : copy_zero_init.c.obj (.text:decompress:ZI)
                  20011c5c    0000000e     nortos_cc32xx.a : HwiPCC32XX_nortos.c.obj (.text.HwiP_interruptsEnabled)
                  20011c6a    0000000e     driverlib.a : i2c.obj (.text.I2CFIFOStatus)
                  20011c78    0000000e     drivers_cc32xx.a : UART2.c.obj (.text.UART2_write)
                  20011c86    0000000e     libc.a : _printfi.c.obj (.text.strlen)
                  20011c94    0000000e     driverlib.a : udma.obj (.text.uDMAEnable)
                  20011ca2    0000000e                 : udma.obj (.text.uDMAErrorStatusClear)
                  20011cb0    0000000e     libc.a : memset_t2.S.obj (.text:TI_memset_small)
                  20011cbe    0000000e            : copy_decompress_none.c.obj (.text:decompress:none)
                  20011ccc    0000000c     driverlib.a : cpu.obj (.text.CPUwfi)
                  20011cd8    0000000c     drivers_cc32xx.a : I2CCC32XX.c.obj (.text.I2CCC32XX_postNotify)
                  20011ce4    0000000c                      : I2C.c.obj (.text.I2C_Params_init)
                  20011cf0    0000000c                      : I2CCC32XX.c.obj (.text.OUTLINED_FUNCTION_0)
                  20011cfc    0000000c                      : UART2CC32XX.c.obj (.text.OUTLINED_FUNCTION_0)
                  20011d08    0000000c     gpiointerrupt.o (.text.OUTLINED_FUNCTION_0)
                  20011d14    0000000c     driverlib.a : prcm.obj (.text.PRCMLPDSWakeupCauseGet)
                  20011d20    0000000c     drivers_cc32xx.a : PowerCC32XX.c.obj (.text.Power_getConstraintMask)
                  20011d2c    0000000c                      : UART2CC32XX.c.obj (.text.UART2CC32XX_postNotifyFxn)
                  20011d38    0000000c                      : UART2CC32XX.c.obj (.text.UART2Support_disableTx)
                  20011d44    0000000c                      : UART2CC32XX.c.obj (.text.UART2Support_enableTx)
                  20011d50    0000000c                      : UART2.c.obj (.text.UART2_Params_init)
                  20011d5c    0000000c                      : TimerCC32XX.c.obj (.text.postNotifyFxn)
                  20011d68    0000000c     gpiointerrupt.o (.text.timerCallback)
                  20011d74    0000000c     driverlib.a : udma.obj (.text.uDMAErrorStatusGet)
                  20011d80    0000000a                 : cpu.obj (.text.CPUprimask)
                  20011d8a    0000000a     nortos_cc32xx.a : ClockPSysTick_nortos.c.obj (.text.ClockP_isActive)
                  20011d94    0000000a     driverlib.a : interrupt.obj (.text.IntMasterDisable)
                  20011d9e    0000000a                 : interrupt.obj (.text.IntMasterEnable)
                  20011da8    0000000a     drivers_cc32xx.a : UART2CC32XX.c.obj (.text.OUTLINED_FUNCTION_1)
                  20011db2    0000000a                      : UART2CC32XX.c.obj (.text.OUTLINED_FUNCTION_2)
                  20011dbc    0000000a     libclang_rt.builtins.a : aeabi_memset.S.obj (.text.__aeabi_memset)
                  20011dc6    0000000a     ti_drivers_config.o (.text.dmaErrorFxn)
                  20011dd0    00000008     nortos_cc32xx.a : HwiPCC32XX_nortos.c.obj (.text.HwiP_restore)
                  20011dd8    00000008     drivers_cc32xx.a : I2CCC32XX.c.obj (.text.I2CCC32XX_blockingCallback)
                  20011de0    00000008                      : I2CCC32XX.c.obj (.text.I2CSupport_controllerFinish)
                  20011de8    00000008     driverlib.a : prcm.obj (.text.PRCMSleepEnter)
                  20011df0    00000008                 : utils.obj (.text.UtilsDelay)
                  20011df8    00000008     libc.a : aeabi_portable.c.obj (.text.__aeabi_errno_addr)
                  20011e00    00000008     libclang_rt.builtins.a : aeabi_memset.S.obj (.text.__aeabi_memclr)
                  20011e08    00000008     libc.a : memory.c.obj (.text.malloc)
                  20011e10    00000006     drivers_cc32xx.a : I2CCC32XX.c.obj (.text.I2CSupport_powerRelConstraint)
                  20011e16    00000006                      : I2CCC32XX.c.obj (.text.I2CSupport_powerSetConstraint)
                  20011e1c    00000006                      : UART2CC32XX.c.obj (.text.UART2Support_powerRelConstraint)
                  20011e22    00000004     nortos_cc32xx.a : ClockPSysTick_nortos.c.obj (.text.ClockP_doTick)
                  20011e26    00000004                     : HwiPCC32XX_nortos.c.obj (.text.HwiP_clearInterrupt)
                  20011e2a    00000004                     : HwiPCC32XX_nortos.c.obj (.text.HwiP_disableInterrupt)
                  20011e2e    00000004                     : HwiPCC32XX_nortos.c.obj (.text.HwiP_enable)
                  20011e32    00000004                     : HwiPCC32XX_nortos.c.obj (.text.HwiP_enableInterrupt)
                  20011e36    00000004                     : HwiPCC32XX_nortos.c.obj (.text.HwiP_post)
                  20011e3a    00000004     driverlib.a : interrupt.obj (.text.IntDefaultHandler)
                  20011e3e    00000004     nortos_cc32xx.a : NoRTOS.c.obj (.text.NoRTOS_start)
                  20011e42    00000004     drivers_cc32xx.a : RingBuf.c.obj (.text.RingBuf_getCount)
                  20011e46    00000004     nortos_cc32xx.a : SemaphoreP_nortos.c.obj (.text.SemaphoreP_delete)
                  20011e4a    00000002     --HOLE-- [fill = 0]
                  20011e4c    00000004     libclang_rt.builtins.a : aeabi_memcpy.S.obj (.text.__aeabi_memcpy)
                  20011e50    00000004     libc.a : pre_init.c.obj (.text._system_pre_init)
                  20011e54    00000004            : exit.c.obj (.text:abort)

.ramVecs   0    20000000    0000030c     NOLOAD SECTION
                  20000000    0000030c     nortos_cc32xx.a : startup_cc32xx_ticlang.c.obj (.ramVecs)

.stack     0    20003000    00001000     UNINITIALIZED
                  20003000    00000004     libc.a : boot_cortex_m.c.obj (.stack)
                  20003004    00000ffc     --HOLE--

.resetVecs 
*          0    20004000    00000040     
                  20004000    00000040     nortos_cc32xx.a : startup_cc32xx_ticlang.c.obj (.resetVecs)

.sysmem    0    20004040    00008000     UNINITIALIZED
                  20004040    00000010     libc.a : memory.c.obj (.sysmem)
                  20004050    00007ff0     --HOLE--

.cinit     0    20011e58    0000010c     
                  20011e58    000000e8     (.cinit..data.load) [load image, compression = lzss]
                  20011f40    0000000c     (__TI_handler_table)
                  20011f4c    00000008     (.cinit..bss.load) [load image, compression = zero_init]
                  20011f54    00000010     (__TI_cinit_table)

.rodata    0    20012a20    000006c5     
                  20012a20    00000101     libc.a : aeabi_ctype.S.obj (.rodata:__aeabi_ctype_table_)
                  20012b21    00000002     drivers_cc32xx.a : UART2CC32XX.c.obj (.rodata.stopBits)
                  20012b23    00000001     ti_drivers_config.o (.rodata.GPIO_pinUpperBound)
                  20012b24    00000100     driverlib.a : pin.obj (.rodata.g_ulPinToPadMap)
                  20012c24    000000d4                 : interrupt.obj (.rodata.g_pulRegs)
                  20012cf8    000000a8                 : prcm.obj (.rodata.PRCM_PeriphRegsList)
                  20012da0    00000048     gpiointerrupt.o (.rodata.str1.117259490511853709771)
                  20012de8    00000044     ti_drivers_config.o (.rodata.PowerCC32XX_config)
                  20012e2c    00000038     ti_drivers_config.o (.rodata.uart2CC32XXHWAttrs0)
                  20012e64    00000032     gpiointerrupt.o (.rodata.str1.59672170090002130734)
                  20012e96    00000001     ti_drivers_config.o (.rodata.I2C_count)
                  20012e97    00000001     ti_drivers_config.o (.rodata.Timer_count)
                  20012e98    00000028     drivers_cc32xx.a : GPIOCC32XX.c.obj (.rodata.portConfigs)
                  20012ec0    00000028     gpiointerrupt.o (.rodata.str1.2552335557485402981)
                  20012ee8    00000024     drivers_cc32xx.a : UART2.c.obj (.rodata.UART2_defaultParams)
                  20012f0c    00000021                      : GPIOCC32XX.c.obj (.rodata.pinTable)
                  20012f2d    00000021     gpiointerrupt.o (.rodata.str1.172639838942318644741)
                  20012f4e    00000001     ti_drivers_config.o (.rodata.UART2_count)
                  20012f4f    00000001     --HOLE-- [fill = 0]
                  20012f50    0000001b     gpiointerrupt.o (.rodata.str1.119337933097536889414)
                  20012f6b    00000001     --HOLE-- [fill = 0]
                  20012f6c    00000018     driverlib.a : interrupt.obj (.rodata.g_pulDisRegs)
                  20012f84    00000018                 : interrupt.obj (.rodata.g_pulEnRegs)
                  20012f9c    00000018                 : interrupt.obj (.rodata.g_pulPendRegs)
                  20012fb4    00000018                 : interrupt.obj (.rodata.g_pulUnpendRegs)
                  20012fcc    00000018     gpiointerrupt.o (.rodata.sensors)
                  20012fe4    00000018     gpiointerrupt.o (.rodata.str1.88141095010518599421)
                  20012ffc    00000014     ti_drivers_config.o (.rodata.i2cCC32XXHWAttrs)
                  20013010    00000011     libc.a : _printfi.c.obj (.rodata.str1.11645776875810915891)
                  20013021    00000011            : _printfi.c.obj (.rodata.str1.44690500295887128011)
                  20013032    00000002     --HOLE-- [fill = 0]
                  20013034    00000010     ti_drivers_config.o (.rodata.GPIO_config)
                  20013044    00000010     drivers_cc32xx.a : I2CCC32XX.c.obj (.rodata.cst16)
                  20013054    00000010     ti_drivers_config.o (.rodata.timerCC32XXHWAttrs)
                  20013064    0000000d     gpiointerrupt.o (.rodata.str1.8099049698717124711)
                  20013071    00000003     --HOLE-- [fill = 0]
                  20013074    0000000c     drivers_cc32xx.a : Timer.c.obj (.rodata.defaultParams)
                  20013080    0000000c                      : TimerCC32XX.c.obj (.rodata.defaultParams)
                  2001308c    0000000c     ti_drivers_config.o (.rodata.udmaCC3220SHWAttrs)
                  20013098    00000009     gpiointerrupt.o (.rodata.str1.149745159178111864794)
                  200130a1    00000003     --HOLE-- [fill = 0]
                  200130a4    00000009     gpiointerrupt.o (.rodata.str1.27667157146944505614)
                  200130ad    00000003     --HOLE-- [fill = 0]
                  200130b0    00000008     ti_drivers_config.o (.rodata.I2C_config)
                  200130b8    00000008     ti_drivers_config.o (.rodata.Timer_config)
                  200130c0    00000008     ti_drivers_config.o (.rodata.UART2_config)
                  200130c8    00000008     ti_drivers_config.o (.rodata.UDMACC32XX_config)
                  200130d0    00000005     drivers_cc32xx.a : UART2CC32XX.c.obj (.rodata.parityType)
                  200130d5    00000004                      : UART2CC32XX.c.obj (.rodata.cst4)
                  200130d9    00000004     gpiointerrupt.o (.rodata.str1.48557138690711581961)
                  200130dd    00000004     gpiointerrupt.o (.rodata.str1.75752999448730089091)
                  200130e1    00000004     gpiointerrupt.o (.rodata.str1.99899187528894583921)

.init_array 
*          0    20004000    00000000     UNINITIALIZED

.bss       0    20012000    00000a16     UNINITIALIZED
                  20012000    00000400     ti_drivers_config.o (.bss.dmaControlTable)
                  20012400    00000178     (.common:uart2CC32XXObjects0)
                  20012578    0000012c     (.common:PowerCC32XX_contextSave)
                  200126a4    000000fc     (.common:i2cCC32XXObjects)
                  200127a0    00000084     (.common:gpioCallbackFunctions)
                  20012824    00000084     (.common:gpioUserArgs)
                  200128a8    00000084     (.common:timerCC32XXObjects)
                  2001292c    00000040     (.common:output)
                  2001296c    00000020     ti_drivers_config.o (.bss.uart2RxRingBuffer0)
                  2001298c    00000020     ti_drivers_config.o (.bss.uart2TxRingBuffer0)
                  200129ac    00000020     (.common:i2cTransaction)
                  200129cc    00000014     drivers_cc32xx.a : UDMACC32XX.c.obj (.bss.postNotifyObj)
                  200129e0    00000010     (.common:ClockP_ctrl)
                  200129f0    00000008     (.common:udmaCC3220SObject)
                  200129f8    00000004     nortos_cc32xx.a : ClockPSysTick_nortos.c.obj (.bss.sysTickPeriod)
                  200129fc    00000004     libc.a : memory.c.obj (.bss.sys_free)
                  20012a00    00000004     drivers_cc32xx.a : TimerCC32XX.c.obj (.bss.timerState.0)
                  20012a04    00000004     (.common:i2c)
                  20012a08    00000004     (.common:timer0)
                  20012a0c    00000004     (.common:uart)
                  20012a10    00000002     (.common:rxBuffer)
                  20012a12    00000001     (.common:BTN_state)
                  20012a13    00000001     (.common:HT_state)
                  20012a14    00000001     (.common:LED_state)
                  20012a15    00000001     (.common:txBuffer)

.data      0    200130e8    000006a9     UNINITIALIZED
                  200130e8    0000030c     nortos_cc32xx.a : HwiPCC32XX_nortos.c.obj (.data.HwiP_dispatchTable)
                  200133f4    0000016c     drivers_cc32xx.a : PowerCC32XX.c.obj (.data.PowerCC32XX_module)
                  20013560    000000f8     ti_drivers_config.o (.data.parkInfo)
                  20013658    00000084     ti_drivers_config.o (.data.gpioPinConfigs)
                  200136dc    0000004c     nortos_cc32xx.a : SwiP_nortos.c.obj (.data..L_MergedGlobals)
                  20013728    0000001c     gpiointerrupt.o (.data..L_MergedGlobals)
                  20013744    00000018     drivers_cc32xx.a : GPIOCC32XX.c.obj (.data..L_MergedGlobals)
                  2001375c    00000004     nortos_cc32xx.a : HwiPCC32XX_nortos.c.obj (.data.HwiP_swiPIntNum)
                  20013760    00000010                     : SemaphoreP_nortos.c.obj (.data..L_MergedGlobals)
                  20013770    00000008     drivers_cc32xx.a : UDMACC32XX.c.obj (.data..L_MergedGlobals)
                  20013778    00000008     nortos_cc32xx.a : ClockPSysTick_nortos.c.obj (.data..L_MergedGlobals)
                  20013780    00000004     libc.a : aeabi_portable.c.obj (.data.__aeabi_errno)
                  20013784    00000004            : _lock.c.obj (.data._lock)
                  20013788    00000004            : _lock.c.obj (.data._unlock)
                  2001378c    00000001     drivers_cc32xx.a : GPIOCC32XX.c.obj (.data.initCalled)
                  2001378d    00000001                      : GPIOCC32XX.c.obj (.data.portHwiCreatedBitMask)
                  2001378e    00000002     --HOLE--
                  20013790    00000001     libc.a : memory.c.obj (.data.memory_is_initialized)

.log_data 
*          0    90000000    00000000     COPY SECTION

.log_ptr   0    94000008    00000000     COPY SECTION

__llvm_prf_cnts 
*          0    20004000    00000000     UNINITIALIZED

__llvm_prf_bits 
*          0    20004000    00000000     UNINITIALIZED

MODULE SUMMARY

       Module                         code    ro data   rw data
       ------                         ----    -------   -------
    .\
       gpiointerrupt.o                1280    313       142    
       main_nortos.o                  16      0         0      
    +--+------------------------------+-------+---------+---------+
       Total:                         1296    313       142    
                                                               
    .\syscfg\
       ti_drivers_config.o            34      224       2500   
    +--+------------------------------+-------+---------+---------+
       Total:                         34      224       2500   
                                                               
    C:/ti/simplelink_cc32xx_sdk_7_10_00_13/kernel/nortos/lib/ticlang/m4/nortos_cc32xx.a
       HwiPCC32XX_nortos.c.obj        308     0         784    
       startup_cc32xx_ticlang.c.obj   88      64        780    
       ClockPSysTick_nortos.c.obj     524     0         28     
       SemaphoreP_nortos.c.obj        392     0         16     
       PowerCC32XX_nortos.c.obj       404     0         0      
       SwiP_nortos.c.obj              84      0         76     
       NoRTOS.c.obj                   4       0         0      
    +--+------------------------------+-------+---------+---------+
       Total:                         1804    64        1684   
                                                               
    C:/ti/simplelink_cc32xx_sdk_7_10_00_13/source/ti/devices/cc32xx/driverlib/ticlang/Release/driverlib.a
       prcm.obj                       2564    168       0      
       interrupt.obj                  868     308       0      
       pin.obj                        750     256       0      
       udma.obj                       806     0         0      
       i2c.obj                        658     0         0      
       uart.obj                       490     0         0      
       gpio.obj                       388     0         0      
       timer.obj                      278     0         0      
       flash.obj                      92      0         0      
       systick.obj                    76      0         0      
       cpu.obj                        62      0         0      
       utils.obj                      8       0         0      
    +--+------------------------------+-------+---------+---------+
       Total:                         7040    732       0      
                                                               
    C:/ti/simplelink_cc32xx_sdk_7_10_00_13/source/ti/drivers/lib/ticlang/m4/drivers_cc32xx.a
       PowerCC32XX.c.obj              2052    0         664    
       UART2CC32XX.c.obj              2198    11        0      
       I2CCC32XX.c.obj                1242    16        0      
       GPIOCC32XX.c.obj               960     73        26     
       TimerCC32XX.c.obj              880     12        4      
       UART2.c.obj                    762     36        0      
       I2C.c.obj                      366     0         0      
       RingBuf.c.obj                  272     0         0      
       UDMACC32XX.c.obj               242     0         28     
       Timer.c.obj                    150     12        0      
       PowerCC32XX_ticlang.asm.obj    150     0         0      
       List.c.obj                     76      0         0      
       GPIO.c.obj                     28      0         0      
    +--+------------------------------+-------+---------+---------+
       Total:                         9378    160       722    
                                                               
    C:\ti\ccs1260\ccs\tools\compiler\ti-cgt-armllvm_3.2.1.LTS\lib\armv7em-ti-none-eabi/c/libc.a
       _printfi.c.obj                 2170    34        0      
       memory.c.obj                   712     0         5      
       aeabi_ctype.S.obj              0       257       0      
       snprintf.c.obj                 140     0         0      
       copy_decompress_lzss.c.obj     112     0         0      
       atoi.c.obj                     64      0         0      
       autoinit.c.obj                 56      0         0      
       boot_cortex_m.c.obj            36      0         0      
       memccpy.c.obj                  30      0         0      
       memcpy_t2.S.obj                18      0         0      
       copy_zero_init.c.obj           16      0         0      
       wcslen.c.obj                   16      0         0      
       copy_decompress_none.c.obj     14      0         0      
       memset_t2.S.obj                14      0         0      
       aeabi_portable.c.obj           8       0         4      
       _lock.c.obj                    2       0         8      
       exit.c.obj                     4       0         0      
       pre_init.c.obj                 4       0         0      
    +--+------------------------------+-------+---------+---------+
       Total:                         3416    291       17     
                                                               
    C:\ti\ccs1260\ccs\tools\compiler\ti-cgt-armllvm_3.2.1.LTS\lib\clang/15.0.7/lib/armv7em-ti-none-eabi/libclang_rt.builtins.a
       muldf3.S.obj                   252     0         0      
       addsf3.S.obj                   250     0         0      
       udivmoddi4.S.obj               176     0         0      
       comparesf2.S.obj               110     0         0      
       aeabi_fcmp.S.obj               98      0         0      
       fixdfsi.S.obj                  72      0         0      
       floatsisf.S.obj                56      0         0      
       floatsidf.S.obj                46      0         0      
       aeabi_uldivmod.S.obj           20      0         0      
       aeabi_memset.S.obj             18      0         0      
       aeabi_memcpy.S.obj             4       0         0      
       aeabi_div0.c.obj               2       0         0      
    +--+------------------------------+-------+---------+---------+
       Total:                         1104    0         0      
                                                               
       Heap:                          0       0         32768  
       Stack:                         0       0         4096   
       Linker Generated:              0       268       0      
    +--+------------------------------+-------+---------+---------+
       Grand Total:                   24072   2052      41929  


LINKER GENERATED COPY TABLES

__TI_cinit_table @ 20011f54 records: 2, size/record: 8, table size: 16
	.data: load addr=20011e58, load size=000000e8 bytes, run addr=200130e8, run size=000006a9 bytes, compression=lzss
	.bss: load addr=20011f4c, load size=00000008 bytes, run addr=20012000, run size=00000a16 bytes, compression=zero_init


LINKER GENERATED HANDLER TABLE

__TI_handler_table @ 20011f40 records: 3, size/record: 4, table size: 12
	index: 0, handler: __TI_decompress_lzss
	index: 1, handler: __TI_decompress_none
	index: 2, handler: __TI_zero_init


GLOBAL SYMBOLS: SORTED ALPHABETICALLY BY Name 

address   name                             
-------   ----                             
20013734  BTN_elapsedTime                  
20012a12  BTN_state                        
2001183b  Board_init                       
2000d36b  Board_initHook                   
20011e54  C$$EXIT                          
2001192d  CPUcpsid                         
20011941  CPUcpsie                         
20011d81  CPUprimask                       
20011ccd  CPUwfi                           
20011a45  ClockP_add                       
200129e0  ClockP_ctrl                      
200109dd  ClockP_destruct                  
20011e23  ClockP_doTick                    
20011b1d  ClockP_getCpuFreq                
20011b2d  ClockP_getSystemTicks            
20010e19  ClockP_getTicksUntilInterrupt    
20011d8b  ClockP_isActive                  
20011b3d  ClockP_setTicks                  
20010c79  ClockP_start                     
2000fcf1  ClockP_startup                   
20010929  ClockP_stop                      
20010245  ClockP_sysTickHandler            
2001377c  ClockP_tickPeriod                
2000fb25  FlashDisable                     
2001047f  GPIODirModeSet                   
20011a57  GPIOIntClear                     
2001173d  GPIOIntDisable                   
200117f3  GPIOIntEnable                    
20010f99  GPIOIntStatus                    
2000ec4d  GPIOIntTypeSet                   
20011459  GPIOPinWrite                     
20013034  GPIO_config                      
200104c5  GPIO_disableInt                  
20010509  GPIO_enableInt                   
2000fef5  GPIO_hwiIntFxn                   
2000f1d9  GPIO_init                        
20012b23  GPIO_pinUpperBound               
20011695  GPIO_setCallback                 
2000dc21  GPIO_setConfig                   
20010035  GPIO_setInterruptConfig          
2000fa65  GPIO_write                       
20012a13  HT_state                         
20011a69  HwiP_Params_init                 
20011e27  HwiP_clearInterrupt              
2000f475  HwiP_construct                   
20011105  HwiP_create                      
20011a7b  HwiP_delete                      
20011955  HwiP_destruct                    
2000f0a9  HwiP_disable                     
20011e2b  HwiP_disableInterrupt            
200116b1  HwiP_dispatch                    
20011e2f  HwiP_enable                      
20011e33  HwiP_enableInterrupt             
20011b4d  HwiP_inISR                       
20011c5d  HwiP_interruptsEnabled           
20011e37  HwiP_post                        
20011dd1  HwiP_restore                     
2001375c  HwiP_swiPIntNum                  
20010e49  I2CFIFODataGetNonBlocking        
20010cad  I2CFIFODataPutNonBlocking        
20011c6b  I2CFIFOStatus                    
20011851  I2CMasterBurstLengthSet          
200111ad  I2CMasterBusBusy                 
20011b5d  I2CMasterControl                 
20011a8d  I2CMasterDisable                 
20011a9f  I2CMasterEnable                  
2000ef79  I2CMasterInitExpClk              
20011b6d  I2CMasterIntClearEx              
20011867  I2CMasterIntDisableEx            
20011969  I2CMasterIntEnableEx             
2001107f  I2CMasterIntStatusEx             
200111d5  I2CMasterSlaveAddrSet            
20011b7d  I2CMasterTimeoutSet              
20011315  I2CRxFIFOConfigSet               
2001187d  I2CRxFIFOFlush                   
20011de1  I2CSupport_controllerFinish      
20011e11  I2CSupport_powerRelConstraint    
20011e17  I2CSupport_powerSetConstraint    
2000fb81  I2CSupport_primeTransfer         
200111fd  I2CTxFIFOConfigSet               
20011893  I2CTxFIFOFlush                   
20011ce5  I2C_Params_init                  
20011225  I2C_cancel                       
200130b0  I2C_config                       
20012e96  I2C_count                        
2000dfbf  I2C_init                         
2000e5f5  I2C_open                         
20011ab1  I2C_transfer                     
2000de99  I2C_transferTimeout              
UNDEFED   ITM_flush                        
UNDEFED   ITM_restore                      
2000e891  IntDisable                       
2000e959  IntEnable                        
20011d95  IntMasterDisable                 
20011d9f  IntMasterEnable                  
2000f931  IntPendClear                     
2000ecf9  IntPendSet                       
2000fd49  IntPrioritySet                   
200114e1  IntRegister                      
20011339  IntUnregister                    
2001197d  IntVTableBaseSet                 
20013738  LED_elapsedTime                  
20012a14  LED_state                        
2001135d  List_put                         
2001124d  List_remove                      
20011e3f  NoRTOS_start                     
2001373c  OUP_elapsedTime                  
2000c8ad  PRCMCC3200MCUInit                
20011757  PRCMHIBRegRead                   
20011771  PRCMHIBRegWrite                  
2000f4e9  PRCMHibernateWakeUpGPIOSelect    
2000fbdd  PRCMHibernateWakeupSourceDisable 
2000ff45  PRCMHibernateWakeupSourceEnable  
2001028d  PRCMIntEnable                    
2000fda1  PRCMLPDSEnter                    
200103f3  PRCMLPDSEnterKeepDebugIf         
20010e79  PRCMLPDSIntervalSet              
20010081  PRCMLPDSRestoreInfoSet           
2001112f  PRCMLPDSWakeUpGPIOSelect         
20011d15  PRCMLPDSWakeupCauseGet           
2001178b  PRCMLPDSWakeupSourceDisable      
20011381  PRCMLPDSWakeupSourceEnable       
20011159  PRCMPeripheralClkDisable         
2000fc95  PRCMPeripheralClkEnable          
2000f85d  PRCMPeripheralReset              
200102d5  PRCMPeripheralStatusGet          
20011275  PRCMSRAMRetentionEnable          
20011de9  PRCMSleepEnter                   
20010ea9  PRCMSlowClkCtrFastGet            
2000f269  PRCMSysResetCauseGet             
2001031d  PinConfigGet                     
2000ed9d  PinConfigSet                     
20010ce1  PinDirModeGet                    
200108e9  PinDirModeSet                    
20010b9d  PinLock                          
2000f641  PinLockLevelSet                  
20010d15  PinModeGet                       
200106a1  PinModeSet                       
200117a5  PinToPadGet                      
20011501  PinTypeI2C                       
200115c1  PinTypeUART                      
2001147b  PinUnlock                        
20012de8  PowerCC32XX_config               
2000f2f9  PowerCC32XX_configureWakeup      
20012578  PowerCC32XX_contextSave          
2000f0b1  PowerCC32XX_enterLPDS            
2001129d  PowerCC32XX_getParkState         
2000e503  PowerCC32XX_initPolicy           
200133f4  PowerCC32XX_module               
20010d49  PowerCC32XX_parkPin              
20011521  PowerCC32XX_reset                
200113a5  PowerCC32XX_restoreParkState     
200113c9  PowerCC32XX_restoreParkedPin     
2000f0f5  PowerCC32XX_resumeLPDS           
2000fdf9  PowerCC32XX_setParkState         
2000d989  PowerCC32XX_sleepPolicy          
20011991  Power_disablePolicy              
20011b8d  Power_enablePolicy               
20011d21  Power_getConstraintMask          
200119a5  Power_getTransitionLatency       
200119b9  Power_idleFunc                   
2000f3fd  Power_init                       
200113ed  Power_registerNotify             
2001054d  Power_releaseConstraint          
2000fe4d  Power_releaseDependency          
20010a15  Power_setConstraint              
2000f6ad  Power_setDependency              
2000cd65  Power_sleep                      
20011541  Power_unregisterNotify           
20011b9d  RingBuf_construct                
20010fc7  RingBuf_getConsume               
20011e43  RingBuf_getCount                 
2001149d  RingBuf_getPointer               
20010439  RingBuf_put                      
20010a4d  RingBuf_putAdvance               
20010ff5  RingBuf_putPointer               
2000ff95  SemaphoreP_construct             
20011561  SemaphoreP_constructBinary       
2001180b  SemaphoreP_create                
20011581  SemaphoreP_createBinary          
20013768  SemaphoreP_defaultParams         
20011e47  SemaphoreP_delete                
2000eedb  SemaphoreP_destruct              
2000f011  SemaphoreP_pend                  
200107a9  SemaphoreP_post                  
200116cd  SwiP_disable                     
20010a85  SwiP_restore                     
20011ac3  SysTickEnable                    
20011ad5  SysTickIntDisable                
20011ae7  SysTickIntEnable                 
200118a9  SysTickPeriodSet                 
20011b0b  TI_memcpy_small                  
20011cb1  TI_memset_small                  
2000fea1  TickFct_ButtonPressed            
200100cd  TickFct_CheckHeat                
200107e9  TickFct_LedSwitch                
2000fc39  TimerCC32XX_allocateTimerResource
20010d7d  TimerCC32XX_freeTimerResource    
200106e3  TimerControlStall                
200115a1  TimerDisable                     
200117bf  TimerEnable                      
20013728  TimerFlag                        
20011bad  TimerIntClear                    
200118bf  TimerIntDisable                  
200119cd  TimerIntEnable                   
20010ed9  TimerLoadSet                     
20010f09  TimerPrescaleSet                 
200112c5  TimerSupport_timerDisable        
200109a1  TimerSupport_timerEnable         
20011bbd  Timer_Params_init                
20010725  Timer_close                      
200130b8  Timer_config                     
20012e97  Timer_count                      
2000f2f7  Timer_init                       
2000dad9  Timer_open                       
20010591  Timer_start                      
20010829  Timer_stop                       
20011411  UART2Support_disableRx           
20011d39  UART2Support_disableTx           
2000e7c5  UART2Support_dmaStartRx          
2000eae5  UART2Support_dmaStartTx          
20010165  UART2Support_dmaStopRx           
2000fac5  UART2Support_dmaStopTx           
20011d45  UART2Support_enableTx            
20011e1d  UART2Support_powerRelConstraint  
200114bf  UART2Support_sendData            
20011bcd  UART2Support_txDone              
20011d51  UART2_Params_init                
2000e6dd  UART2_close                      
200130c0  UART2_config                     
20012f4e  UART2_count                      
20012ee8  UART2_defaultParams              
2000d36d  UART2_open                       
20010db1  UART2_rxDisable                  
20011c79  UART2_write                      
200115df  UART2_writeTimeout               
2000d6b1  UART2_writeTimeoutBlocking       
2000e0e1  UART2_writeTimeoutNonblocking    
20011bdd  UARTBusy                         
20010c09  UARTCharPutNonBlocking           
200118d5  UARTCharsAvail                   
2000f55d  UARTConfigSetExpClk              
200118eb  UARTDMADisable                   
200119e1  UARTDMAEnable                    
20011023  UARTDisable                      
200115fd  UARTEnable                       
20011901  UARTFIFOLevelSet                 
200117d9  UARTFlowControlSet               
20011bed  UARTIntClear                     
20011917  UARTIntDisable                   
200119f5  UARTIntEnable                    
20011183  UARTIntStatus                    
20011bfd  UARTRxErrorGet                   
20010abd  UDMACC32XX_close                 
200130c8  UDMACC32XX_config                
20010965  UDMACC32XX_init                  
2000f719  UDMACC32XX_open                  
20011df1  UtilsDelay                       
20004000  __STACK_END                      
00001000  __STACK_SIZE                     
00008000  __SYSMEM_SIZE                    
00000000  __TI_ATRegion0_region_sz         
00000000  __TI_ATRegion0_src_addr          
00000000  __TI_ATRegion0_trg_addr          
00000000  __TI_ATRegion1_region_sz         
00000000  __TI_ATRegion1_src_addr          
00000000  __TI_ATRegion1_trg_addr          
00000000  __TI_ATRegion2_region_sz         
00000000  __TI_ATRegion2_src_addr          
00000000  __TI_ATRegion2_trg_addr          
20011f54  __TI_CINIT_Base                  
20011f64  __TI_CINIT_Limit                 
20011f64  __TI_CINIT_Warm                  
20011f40  __TI_Handler_Table_Base          
20011f4c  __TI_Handler_Table_Limit         
20010b65  __TI_auto_init_nobinit_nopinit   
2000f5d1  __TI_decompress_lzss             
20011cbf  __TI_decompress_none             
ffffffff  __TI_pprof_out_hndl              
2000c041  __TI_printfi_nofloat             
ffffffff  __TI_prof_data_size              
ffffffff  __TI_prof_data_start             
20011e58  __TI_static_base__               
20011c4d  __TI_zero_init                   
2000e40d  __addsf3                         
20012a20  __aeabi_ctype_table_             
20012a20  __aeabi_ctype_table_C            
20010365  __aeabi_d2iz                     
2000e30d  __aeabi_dmul                     
20013780  __aeabi_errno                    
20011df9  __aeabi_errno_addr               
2000e40d  __aeabi_fadd                     
2000fa01  __aeabi_fcmpeq                   
2000fa3d  __aeabi_fcmpge                   
2000fa51  __aeabi_fcmpgt                   
2000fa29  __aeabi_fcmple                   
2000fa15  __aeabi_fcmplt                   
2000e409  __aeabi_fsub                     
20011051  __aeabi_i2d                      
20010af5  __aeabi_i2f                      
2000f8c7  __aeabi_ldiv0                    
20011e01  __aeabi_memclr                   
20011e01  __aeabi_memclr4                  
20011e01  __aeabi_memclr8                  
20011e4d  __aeabi_memcpy                   
20011e4d  __aeabi_memcpy4                  
20011e4d  __aeabi_memcpy8                  
20011dbd  __aeabi_memset                   
20011dbd  __aeabi_memset4                  
20011dbd  __aeabi_memset8                  
20011a09  __aeabi_uldivmod                 
ffffffff  __binit__                        
20010c41  __cmpsf2                         
20010c41  __eqsf2                          
20010365  __fixdfsi                        
20011051  __floatsidf                      
20010af5  __floatsisf                      
20010b2d  __gesf2                          
20010b2d  __gtsf2                          
20010c41  __lesf2                          
20010c41  __ltsf2                          
UNDEFED   __mpu_init                       
2000e30d  __muldf3                         
20010c41  __nesf2                          
20003000  __stack                          
20004000  __start___llvm_prf_bits          
20004000  __start___llvm_prf_cnts          
20004000  __stop___llvm_prf_bits           
20004000  __stop___llvm_prf_cnts           
2000e409  __subsf3                         
2000eb9d  __udivmoddi4                     
20011435  _c_int00_noargs                  
20013784  _lock                            
2000f9ff  _nop                             
20004040  _sys_memory                      
UNDEFED   _system_post_cinit               
20011e51  _system_pre_init                 
20013788  _unlock                          
20011e55  abort                            
2000dfc1  aligned_alloc                    
20010869  atoi                             
ffffffff  binit                            
2001372b  buttonIndex                      
2001372a  buttonPressed                    
2000fcef  clkFxn                           
2000e505  free                             
20011c0d  gpioButtonFxn0                   
20011c1d  gpioButtonFxn1                   
200127a0  gpioCallbackFunctions            
20013658  gpioPinConfigs                   
20012824  gpioUserArgs                     
20013729  heat                             
20012a04  i2c                              
20012ffc  i2cCC32XXHWAttrs                 
200126a4  i2cCC32XXObjects                 
200129ac  i2cTransaction                   
2000d539  initI2C                          
20010619  initTimer                        
200110d9  initUART                         
20010de5  initVectors                      
20011c2d  main                             
2000d825  mainThread                       
20011e09  malloc                           
2000dfc1  memalign                         
2001161b  memccpy                          
2001292c  output                           
20013560  parkInfo                         
2000eedd  readTemp                         
20011721  resetISR                         
20012a10  rxBuffer                         
20013740  seconds                          
2001372e  setPoint                         
2001065d  snprintf                         
2001372c  temperature                      
20012a08  timer0                           
20013054  timerCC32XXHWAttrs               
200128a8  timerCC32XXObjects               
20011d69  timerCallback                    
20013730  timerPeriod                      
20012a15  txBuffer                         
2000ffe5  uDMAChannelAssign                
2000f147  uDMAChannelAttributeDisable      
200108a9  uDMAChannelControlSet            
20011639  uDMAChannelDisable               
20011657  uDMAChannelEnable                
20011675  uDMAChannelIsEnabled             
200101f9  uDMAChannelSizeGet               
2000e1fb  uDMAChannelTransferSet           
20011a1d  uDMAControlBaseSet               
20011c95  uDMAEnable                       
20011ca3  uDMAErrorStatusClear             
20011d75  uDMAErrorStatusGet               
20011a31  uDMAIntClear                     
20012a0c  uart                             
20012400  uart2CC32XXObjects0              
2001308c  udmaCC3220SHWAttrs               
200129f0  udmaCC3220SObject                
20011c3d  wcslen                           


GLOBAL SYMBOLS: SORTED BY Symbol Address 

address   name                             
-------   ----                             
00000000  __TI_ATRegion0_region_sz         
00000000  __TI_ATRegion0_src_addr          
00000000  __TI_ATRegion0_trg_addr          
00000000  __TI_ATRegion1_region_sz         
00000000  __TI_ATRegion1_src_addr          
00000000  __TI_ATRegion1_trg_addr          
00000000  __TI_ATRegion2_region_sz         
00000000  __TI_ATRegion2_src_addr          
00000000  __TI_ATRegion2_trg_addr          
00001000  __STACK_SIZE                     
00008000  __SYSMEM_SIZE                    
20003000  __stack                          
20004000  __STACK_END                      
20004000  __start___llvm_prf_bits          
20004000  __start___llvm_prf_cnts          
20004000  __stop___llvm_prf_bits           
20004000  __stop___llvm_prf_cnts           
20004040  _sys_memory                      
2000c041  __TI_printfi_nofloat             
2000c8ad  PRCMCC3200MCUInit                
2000cd65  Power_sleep                      
2000d36b  Board_initHook                   
2000d36d  UART2_open                       
2000d539  initI2C                          
2000d6b1  UART2_writeTimeoutBlocking       
2000d825  mainThread                       
2000d989  PowerCC32XX_sleepPolicy          
2000dad9  Timer_open                       
2000dc21  GPIO_setConfig                   
2000de99  I2C_transferTimeout              
2000dfbf  I2C_init                         
2000dfc1  aligned_alloc                    
2000dfc1  memalign                         
2000e0e1  UART2_writeTimeoutNonblocking    
2000e1fb  uDMAChannelTransferSet           
2000e30d  __aeabi_dmul                     
2000e30d  __muldf3                         
2000e409  __aeabi_fsub                     
2000e409  __subsf3                         
2000e40d  __addsf3                         
2000e40d  __aeabi_fadd                     
2000e503  PowerCC32XX_initPolicy           
2000e505  free                             
2000e5f5  I2C_open                         
2000e6dd  UART2_close                      
2000e7c5  UART2Support_dmaStartRx          
2000e891  IntDisable                       
2000e959  IntEnable                        
2000eae5  UART2Support_dmaStartTx          
2000eb9d  __udivmoddi4                     
2000ec4d  GPIOIntTypeSet                   
2000ecf9  IntPendSet                       
2000ed9d  PinConfigSet                     
2000eedb  SemaphoreP_destruct              
2000eedd  readTemp                         
2000ef79  I2CMasterInitExpClk              
2000f011  SemaphoreP_pend                  
2000f0a9  HwiP_disable                     
2000f0b1  PowerCC32XX_enterLPDS            
2000f0f5  PowerCC32XX_resumeLPDS           
2000f147  uDMAChannelAttributeDisable      
2000f1d9  GPIO_init                        
2000f269  PRCMSysResetCauseGet             
2000f2f7  Timer_init                       
2000f2f9  PowerCC32XX_configureWakeup      
2000f3fd  Power_init                       
2000f475  HwiP_construct                   
2000f4e9  PRCMHibernateWakeUpGPIOSelect    
2000f55d  UARTConfigSetExpClk              
2000f5d1  __TI_decompress_lzss             
2000f641  PinLockLevelSet                  
2000f6ad  Power_setDependency              
2000f719  UDMACC32XX_open                  
2000f85d  PRCMPeripheralReset              
2000f8c7  __aeabi_ldiv0                    
2000f931  IntPendClear                     
2000f9ff  _nop                             
2000fa01  __aeabi_fcmpeq                   
2000fa15  __aeabi_fcmplt                   
2000fa29  __aeabi_fcmple                   
2000fa3d  __aeabi_fcmpge                   
2000fa51  __aeabi_fcmpgt                   
2000fa65  GPIO_write                       
2000fac5  UART2Support_dmaStopTx           
2000fb25  FlashDisable                     
2000fb81  I2CSupport_primeTransfer         
2000fbdd  PRCMHibernateWakeupSourceDisable 
2000fc39  TimerCC32XX_allocateTimerResource
2000fc95  PRCMPeripheralClkEnable          
2000fcef  clkFxn                           
2000fcf1  ClockP_startup                   
2000fd49  IntPrioritySet                   
2000fda1  PRCMLPDSEnter                    
2000fdf9  PowerCC32XX_setParkState         
2000fe4d  Power_releaseDependency          
2000fea1  TickFct_ButtonPressed            
2000fef5  GPIO_hwiIntFxn                   
2000ff45  PRCMHibernateWakeupSourceEnable  
2000ff95  SemaphoreP_construct             
2000ffe5  uDMAChannelAssign                
20010035  GPIO_setInterruptConfig          
20010081  PRCMLPDSRestoreInfoSet           
200100cd  TickFct_CheckHeat                
20010165  UART2Support_dmaStopRx           
200101f9  uDMAChannelSizeGet               
20010245  ClockP_sysTickHandler            
2001028d  PRCMIntEnable                    
200102d5  PRCMPeripheralStatusGet          
2001031d  PinConfigGet                     
20010365  __aeabi_d2iz                     
20010365  __fixdfsi                        
200103f3  PRCMLPDSEnterKeepDebugIf         
20010439  RingBuf_put                      
2001047f  GPIODirModeSet                   
200104c5  GPIO_disableInt                  
20010509  GPIO_enableInt                   
2001054d  Power_releaseConstraint          
20010591  Timer_start                      
20010619  initTimer                        
2001065d  snprintf                         
200106a1  PinModeSet                       
200106e3  TimerControlStall                
20010725  Timer_close                      
200107a9  SemaphoreP_post                  
200107e9  TickFct_LedSwitch                
20010829  Timer_stop                       
20010869  atoi                             
200108a9  uDMAChannelControlSet            
200108e9  PinDirModeSet                    
20010929  ClockP_stop                      
20010965  UDMACC32XX_init                  
200109a1  TimerSupport_timerEnable         
200109dd  ClockP_destruct                  
20010a15  Power_setConstraint              
20010a4d  RingBuf_putAdvance               
20010a85  SwiP_restore                     
20010abd  UDMACC32XX_close                 
20010af5  __aeabi_i2f                      
20010af5  __floatsisf                      
20010b2d  __gesf2                          
20010b2d  __gtsf2                          
20010b65  __TI_auto_init_nobinit_nopinit   
20010b9d  PinLock                          
20010c09  UARTCharPutNonBlocking           
20010c41  __cmpsf2                         
20010c41  __eqsf2                          
20010c41  __lesf2                          
20010c41  __ltsf2                          
20010c41  __nesf2                          
20010c79  ClockP_start                     
20010cad  I2CFIFODataPutNonBlocking        
20010ce1  PinDirModeGet                    
20010d15  PinModeGet                       
20010d49  PowerCC32XX_parkPin              
20010d7d  TimerCC32XX_freeTimerResource    
20010db1  UART2_rxDisable                  
20010de5  initVectors                      
20010e19  ClockP_getTicksUntilInterrupt    
20010e49  I2CFIFODataGetNonBlocking        
20010e79  PRCMLPDSIntervalSet              
20010ea9  PRCMSlowClkCtrFastGet            
20010ed9  TimerLoadSet                     
20010f09  TimerPrescaleSet                 
20010f99  GPIOIntStatus                    
20010fc7  RingBuf_getConsume               
20010ff5  RingBuf_putPointer               
20011023  UARTDisable                      
20011051  __aeabi_i2d                      
20011051  __floatsidf                      
2001107f  I2CMasterIntStatusEx             
200110d9  initUART                         
20011105  HwiP_create                      
2001112f  PRCMLPDSWakeUpGPIOSelect         
20011159  PRCMPeripheralClkDisable         
20011183  UARTIntStatus                    
200111ad  I2CMasterBusBusy                 
200111d5  I2CMasterSlaveAddrSet            
200111fd  I2CTxFIFOConfigSet               
20011225  I2C_cancel                       
2001124d  List_remove                      
20011275  PRCMSRAMRetentionEnable          
2001129d  PowerCC32XX_getParkState         
200112c5  TimerSupport_timerDisable        
20011315  I2CRxFIFOConfigSet               
20011339  IntUnregister                    
2001135d  List_put                         
20011381  PRCMLPDSWakeupSourceEnable       
200113a5  PowerCC32XX_restoreParkState     
200113c9  PowerCC32XX_restoreParkedPin     
200113ed  Power_registerNotify             
20011411  UART2Support_disableRx           
20011435  _c_int00_noargs                  
20011459  GPIOPinWrite                     
2001147b  PinUnlock                        
2001149d  RingBuf_getPointer               
200114bf  UART2Support_sendData            
200114e1  IntRegister                      
20011501  PinTypeI2C                       
20011521  PowerCC32XX_reset                
20011541  Power_unregisterNotify           
20011561  SemaphoreP_constructBinary       
20011581  SemaphoreP_createBinary          
200115a1  TimerDisable                     
200115c1  PinTypeUART                      
200115df  UART2_writeTimeout               
200115fd  UARTEnable                       
2001161b  memccpy                          
20011639  uDMAChannelDisable               
20011657  uDMAChannelEnable                
20011675  uDMAChannelIsEnabled             
20011695  GPIO_setCallback                 
200116b1  HwiP_dispatch                    
200116cd  SwiP_disable                     
20011721  resetISR                         
2001173d  GPIOIntDisable                   
20011757  PRCMHIBRegRead                   
20011771  PRCMHIBRegWrite                  
2001178b  PRCMLPDSWakeupSourceDisable      
200117a5  PinToPadGet                      
200117bf  TimerEnable                      
200117d9  UARTFlowControlSet               
200117f3  GPIOIntEnable                    
2001180b  SemaphoreP_create                
2001183b  Board_init                       
20011851  I2CMasterBurstLengthSet          
20011867  I2CMasterIntDisableEx            
2001187d  I2CRxFIFOFlush                   
20011893  I2CTxFIFOFlush                   
200118a9  SysTickPeriodSet                 
200118bf  TimerIntDisable                  
200118d5  UARTCharsAvail                   
200118eb  UARTDMADisable                   
20011901  UARTFIFOLevelSet                 
20011917  UARTIntDisable                   
2001192d  CPUcpsid                         
20011941  CPUcpsie                         
20011955  HwiP_destruct                    
20011969  I2CMasterIntEnableEx             
2001197d  IntVTableBaseSet                 
20011991  Power_disablePolicy              
200119a5  Power_getTransitionLatency       
200119b9  Power_idleFunc                   
200119cd  TimerIntEnable                   
200119e1  UARTDMAEnable                    
200119f5  UARTIntEnable                    
20011a09  __aeabi_uldivmod                 
20011a1d  uDMAControlBaseSet               
20011a31  uDMAIntClear                     
20011a45  ClockP_add                       
20011a57  GPIOIntClear                     
20011a69  HwiP_Params_init                 
20011a7b  HwiP_delete                      
20011a8d  I2CMasterDisable                 
20011a9f  I2CMasterEnable                  
20011ab1  I2C_transfer                     
20011ac3  SysTickEnable                    
20011ad5  SysTickIntDisable                
20011ae7  SysTickIntEnable                 
20011b0b  TI_memcpy_small                  
20011b1d  ClockP_getCpuFreq                
20011b2d  ClockP_getSystemTicks            
20011b3d  ClockP_setTicks                  
20011b4d  HwiP_inISR                       
20011b5d  I2CMasterControl                 
20011b6d  I2CMasterIntClearEx              
20011b7d  I2CMasterTimeoutSet              
20011b8d  Power_enablePolicy               
20011b9d  RingBuf_construct                
20011bad  TimerIntClear                    
20011bbd  Timer_Params_init                
20011bcd  UART2Support_txDone              
20011bdd  UARTBusy                         
20011bed  UARTIntClear                     
20011bfd  UARTRxErrorGet                   
20011c0d  gpioButtonFxn0                   
20011c1d  gpioButtonFxn1                   
20011c2d  main                             
20011c3d  wcslen                           
20011c4d  __TI_zero_init                   
20011c5d  HwiP_interruptsEnabled           
20011c6b  I2CFIFOStatus                    
20011c79  UART2_write                      
20011c95  uDMAEnable                       
20011ca3  uDMAErrorStatusClear             
20011cb1  TI_memset_small                  
20011cbf  __TI_decompress_none             
20011ccd  CPUwfi                           
20011ce5  I2C_Params_init                  
20011d15  PRCMLPDSWakeupCauseGet           
20011d21  Power_getConstraintMask          
20011d39  UART2Support_disableTx           
20011d45  UART2Support_enableTx            
20011d51  UART2_Params_init                
20011d69  timerCallback                    
20011d75  uDMAErrorStatusGet               
20011d81  CPUprimask                       
20011d8b  ClockP_isActive                  
20011d95  IntMasterDisable                 
20011d9f  IntMasterEnable                  
20011dbd  __aeabi_memset                   
20011dbd  __aeabi_memset4                  
20011dbd  __aeabi_memset8                  
20011dd1  HwiP_restore                     
20011de1  I2CSupport_controllerFinish      
20011de9  PRCMSleepEnter                   
20011df1  UtilsDelay                       
20011df9  __aeabi_errno_addr               
20011e01  __aeabi_memclr                   
20011e01  __aeabi_memclr4                  
20011e01  __aeabi_memclr8                  
20011e09  malloc                           
20011e11  I2CSupport_powerRelConstraint    
20011e17  I2CSupport_powerSetConstraint    
20011e1d  UART2Support_powerRelConstraint  
20011e23  ClockP_doTick                    
20011e27  HwiP_clearInterrupt              
20011e2b  HwiP_disableInterrupt            
20011e2f  HwiP_enable                      
20011e33  HwiP_enableInterrupt             
20011e37  HwiP_post                        
20011e3f  NoRTOS_start                     
20011e43  RingBuf_getCount                 
20011e47  SemaphoreP_delete                
20011e4d  __aeabi_memcpy                   
20011e4d  __aeabi_memcpy4                  
20011e4d  __aeabi_memcpy8                  
20011e51  _system_pre_init                 
20011e54  C$$EXIT                          
20011e55  abort                            
20011e58  __TI_static_base__               
20011f40  __TI_Handler_Table_Base          
20011f4c  __TI_Handler_Table_Limit         
20011f54  __TI_CINIT_Base                  
20011f64  __TI_CINIT_Limit                 
20011f64  __TI_CINIT_Warm                  
20012400  uart2CC32XXObjects0              
20012578  PowerCC32XX_contextSave          
200126a4  i2cCC32XXObjects                 
200127a0  gpioCallbackFunctions            
20012824  gpioUserArgs                     
200128a8  timerCC32XXObjects               
2001292c  output                           
200129ac  i2cTransaction                   
200129e0  ClockP_ctrl                      
200129f0  udmaCC3220SObject                
20012a04  i2c                              
20012a08  timer0                           
20012a0c  uart                             
20012a10  rxBuffer                         
20012a12  BTN_state                        
20012a13  HT_state                         
20012a14  LED_state                        
20012a15  txBuffer                         
20012a20  __aeabi_ctype_table_             
20012a20  __aeabi_ctype_table_C            
20012b23  GPIO_pinUpperBound               
20012de8  PowerCC32XX_config               
20012e96  I2C_count                        
20012e97  Timer_count                      
20012ee8  UART2_defaultParams              
20012f4e  UART2_count                      
20012ffc  i2cCC32XXHWAttrs                 
20013034  GPIO_config                      
20013054  timerCC32XXHWAttrs               
2001308c  udmaCC3220SHWAttrs               
200130b0  I2C_config                       
200130b8  Timer_config                     
200130c0  UART2_config                     
200130c8  UDMACC32XX_config                
200133f4  PowerCC32XX_module               
20013560  parkInfo                         
20013658  gpioPinConfigs                   
20013728  TimerFlag                        
20013729  heat                             
2001372a  buttonPressed                    
2001372b  buttonIndex                      
2001372c  temperature                      
2001372e  setPoint                         
20013730  timerPeriod                      
20013734  BTN_elapsedTime                  
20013738  LED_elapsedTime                  
2001373c  OUP_elapsedTime                  
20013740  seconds                          
2001375c  HwiP_swiPIntNum                  
20013768  SemaphoreP_defaultParams         
2001377c  ClockP_tickPeriod                
20013780  __aeabi_errno                    
20013784  _lock                            
20013788  _unlock                          
ffffffff  __TI_pprof_out_hndl              
ffffffff  __TI_prof_data_size              
ffffffff  __TI_prof_data_start             
ffffffff  __binit__                        
ffffffff  binit                            
UNDEFED   ITM_flush                        
UNDEFED   ITM_restore                      
UNDEFED   __mpu_init                       
UNDEFED   _system_post_cinit               

[398 symbols]
