<?xml version="1.0" encoding="ISO-8859-1" ?>
<link_info>
   <banner>TI ARM Clang Linker PC v3.2.1.LTS</banner>
   <copyright>Copyright (c) 1996-2018 Texas Instruments Incorporated</copyright>
   <link_time>0x65d9dcc7</link_time>
   <link_errors>0x0</link_errors>
   <output_file>C:\Users\Eyu\workspace_v12\gpiointerrupt_CC3220S_LAUNCHXL_nortos_ticlang\MCU+Image\gpiointerrupt_CC3220S_LAUNCHXL_nortos_ticlang.out</output_file>
   <entry_point>
      <name>resetISR</name>
      <address>0x20011721</address>
   </entry_point>
   <input_file_list>
      <input_file id="fl-1">
         <path>C:\Users\Eyu\workspace_v12\gpiointerrupt_CC3220S_LAUNCHXL_nortos_ticlang\MCU+Image\.\</path>
         <kind>object</kind>
         <file>gpiointerrupt.o</file>
         <name>gpiointerrupt.o</name>
      </input_file>
      <input_file id="fl-2">
         <path>C:\Users\Eyu\workspace_v12\gpiointerrupt_CC3220S_LAUNCHXL_nortos_ticlang\MCU+Image\.\syscfg\</path>
         <kind>object</kind>
         <file>ti_drivers_config.o</file>
         <name>ti_drivers_config.o</name>
      </input_file>
      <input_file id="fl-3">
         <path>C:\Users\Eyu\workspace_v12\gpiointerrupt_CC3220S_LAUNCHXL_nortos_ticlang\MCU+Image\.\</path>
         <kind>object</kind>
         <file>main_nortos.o</file>
         <name>main_nortos.o</name>
      </input_file>
      <input_file id="fl-13">
         <path>C:\Users\Eyu\workspace_v12\gpiointerrupt_CC3220S_LAUNCHXL_nortos_ticlang\MCU+Image\</path>
         <kind>object</kind>
         <file>&lt;internal&gt;</file>
         <name>&lt;internal&gt;</name>
      </input_file>
      <input_file id="fl-14">
         <path>C:\ti\simplelink_cc32xx_sdk_7_10_00_13\source\ti\drivers\lib\ticlang\m4\</path>
         <kind>archive</kind>
         <file>drivers_cc32xx.a</file>
         <name>GPIO.c.obj</name>
      </input_file>
      <input_file id="fl-15">
         <path>C:\ti\simplelink_cc32xx_sdk_7_10_00_13\source\ti\drivers\lib\ticlang\m4\</path>
         <kind>archive</kind>
         <file>drivers_cc32xx.a</file>
         <name>GPIOCC32XX.c.obj</name>
      </input_file>
      <input_file id="fl-16">
         <path>C:\ti\simplelink_cc32xx_sdk_7_10_00_13\source\ti\drivers\lib\ticlang\m4\</path>
         <kind>archive</kind>
         <file>drivers_cc32xx.a</file>
         <name>I2C.c.obj</name>
      </input_file>
      <input_file id="fl-17">
         <path>C:\ti\simplelink_cc32xx_sdk_7_10_00_13\source\ti\drivers\lib\ticlang\m4\</path>
         <kind>archive</kind>
         <file>drivers_cc32xx.a</file>
         <name>I2CCC32XX.c.obj</name>
      </input_file>
      <input_file id="fl-18">
         <path>C:\ti\simplelink_cc32xx_sdk_7_10_00_13\source\ti\drivers\lib\ticlang\m4\</path>
         <kind>archive</kind>
         <file>drivers_cc32xx.a</file>
         <name>PowerCC32XX.c.obj</name>
      </input_file>
      <input_file id="fl-19">
         <path>C:\ti\simplelink_cc32xx_sdk_7_10_00_13\source\ti\drivers\lib\ticlang\m4\</path>
         <kind>archive</kind>
         <file>drivers_cc32xx.a</file>
         <name>PowerCC32XX_ticlang.asm.obj</name>
      </input_file>
      <input_file id="fl-1a">
         <path>C:\ti\simplelink_cc32xx_sdk_7_10_00_13\source\ti\drivers\lib\ticlang\m4\</path>
         <kind>archive</kind>
         <file>drivers_cc32xx.a</file>
         <name>Timer.c.obj</name>
      </input_file>
      <input_file id="fl-1b">
         <path>C:\ti\simplelink_cc32xx_sdk_7_10_00_13\source\ti\drivers\lib\ticlang\m4\</path>
         <kind>archive</kind>
         <file>drivers_cc32xx.a</file>
         <name>TimerCC32XX.c.obj</name>
      </input_file>
      <input_file id="fl-1c">
         <path>C:\ti\simplelink_cc32xx_sdk_7_10_00_13\source\ti\drivers\lib\ticlang\m4\</path>
         <kind>archive</kind>
         <file>drivers_cc32xx.a</file>
         <name>UART2.c.obj</name>
      </input_file>
      <input_file id="fl-1d">
         <path>C:\ti\simplelink_cc32xx_sdk_7_10_00_13\source\ti\drivers\lib\ticlang\m4\</path>
         <kind>archive</kind>
         <file>drivers_cc32xx.a</file>
         <name>UART2CC32XX.c.obj</name>
      </input_file>
      <input_file id="fl-1e">
         <path>C:\ti\simplelink_cc32xx_sdk_7_10_00_13\source\ti\drivers\lib\ticlang\m4\</path>
         <kind>archive</kind>
         <file>drivers_cc32xx.a</file>
         <name>List.c.obj</name>
      </input_file>
      <input_file id="fl-1f">
         <path>C:\ti\simplelink_cc32xx_sdk_7_10_00_13\source\ti\drivers\lib\ticlang\m4\</path>
         <kind>archive</kind>
         <file>drivers_cc32xx.a</file>
         <name>RingBuf.c.obj</name>
      </input_file>
      <input_file id="fl-20">
         <path>C:\ti\simplelink_cc32xx_sdk_7_10_00_13\source\ti\drivers\lib\ticlang\m4\</path>
         <kind>archive</kind>
         <file>drivers_cc32xx.a</file>
         <name>UDMACC32XX.c.obj</name>
      </input_file>
      <input_file id="fl-21">
         <path>C:\ti\simplelink_cc32xx_sdk_7_10_00_13\kernel\nortos\lib\ticlang\m4\</path>
         <kind>archive</kind>
         <file>nortos_cc32xx.a</file>
         <name>NoRTOS.c.obj</name>
      </input_file>
      <input_file id="fl-22">
         <path>C:\ti\simplelink_cc32xx_sdk_7_10_00_13\kernel\nortos\lib\ticlang\m4\</path>
         <kind>archive</kind>
         <file>nortos_cc32xx.a</file>
         <name>SemaphoreP_nortos.c.obj</name>
      </input_file>
      <input_file id="fl-23">
         <path>C:\ti\simplelink_cc32xx_sdk_7_10_00_13\kernel\nortos\lib\ticlang\m4\</path>
         <kind>archive</kind>
         <file>nortos_cc32xx.a</file>
         <name>ClockPSysTick_nortos.c.obj</name>
      </input_file>
      <input_file id="fl-24">
         <path>C:\ti\simplelink_cc32xx_sdk_7_10_00_13\kernel\nortos\lib\ticlang\m4\</path>
         <kind>archive</kind>
         <file>nortos_cc32xx.a</file>
         <name>HwiPCC32XX_nortos.c.obj</name>
      </input_file>
      <input_file id="fl-25">
         <path>C:\ti\simplelink_cc32xx_sdk_7_10_00_13\kernel\nortos\lib\ticlang\m4\</path>
         <kind>archive</kind>
         <file>nortos_cc32xx.a</file>
         <name>PowerCC32XX_nortos.c.obj</name>
      </input_file>
      <input_file id="fl-26">
         <path>C:\ti\simplelink_cc32xx_sdk_7_10_00_13\kernel\nortos\lib\ticlang\m4\</path>
         <kind>archive</kind>
         <file>nortos_cc32xx.a</file>
         <name>startup_cc32xx_ticlang.c.obj</name>
      </input_file>
      <input_file id="fl-27">
         <path>C:\ti\simplelink_cc32xx_sdk_7_10_00_13\kernel\nortos\lib\ticlang\m4\</path>
         <kind>archive</kind>
         <file>nortos_cc32xx.a</file>
         <name>SwiP_nortos.c.obj</name>
      </input_file>
      <input_file id="fl-28">
         <path>C:\ti\simplelink_cc32xx_sdk_7_10_00_13\source\ti\devices\cc32xx\driverlib\ticlang\Release\</path>
         <kind>archive</kind>
         <file>driverlib.a</file>
         <name>cpu.obj</name>
      </input_file>
      <input_file id="fl-29">
         <path>C:\ti\simplelink_cc32xx_sdk_7_10_00_13\source\ti\devices\cc32xx\driverlib\ticlang\Release\</path>
         <kind>archive</kind>
         <file>driverlib.a</file>
         <name>gpio.obj</name>
      </input_file>
      <input_file id="fl-2a">
         <path>C:\ti\simplelink_cc32xx_sdk_7_10_00_13\source\ti\devices\cc32xx\driverlib\ticlang\Release\</path>
         <kind>archive</kind>
         <file>driverlib.a</file>
         <name>hwspinlock.obj</name>
      </input_file>
      <input_file id="fl-2b">
         <path>C:\ti\simplelink_cc32xx_sdk_7_10_00_13\source\ti\devices\cc32xx\driverlib\ticlang\Release\</path>
         <kind>archive</kind>
         <file>driverlib.a</file>
         <name>i2c.obj</name>
      </input_file>
      <input_file id="fl-2c">
         <path>C:\ti\simplelink_cc32xx_sdk_7_10_00_13\source\ti\devices\cc32xx\driverlib\ticlang\Release\</path>
         <kind>archive</kind>
         <file>driverlib.a</file>
         <name>interrupt.obj</name>
      </input_file>
      <input_file id="fl-2d">
         <path>C:\ti\simplelink_cc32xx_sdk_7_10_00_13\source\ti\devices\cc32xx\driverlib\ticlang\Release\</path>
         <kind>archive</kind>
         <file>driverlib.a</file>
         <name>pin.obj</name>
      </input_file>
      <input_file id="fl-2e">
         <path>C:\ti\simplelink_cc32xx_sdk_7_10_00_13\source\ti\devices\cc32xx\driverlib\ticlang\Release\</path>
         <kind>archive</kind>
         <file>driverlib.a</file>
         <name>prcm.obj</name>
      </input_file>
      <input_file id="fl-2f">
         <path>C:\ti\simplelink_cc32xx_sdk_7_10_00_13\source\ti\devices\cc32xx\driverlib\ticlang\Release\</path>
         <kind>archive</kind>
         <file>driverlib.a</file>
         <name>spi.obj</name>
      </input_file>
      <input_file id="fl-30">
         <path>C:\ti\simplelink_cc32xx_sdk_7_10_00_13\source\ti\devices\cc32xx\driverlib\ticlang\Release\</path>
         <kind>archive</kind>
         <file>driverlib.a</file>
         <name>systick.obj</name>
      </input_file>
      <input_file id="fl-31">
         <path>C:\ti\simplelink_cc32xx_sdk_7_10_00_13\source\ti\devices\cc32xx\driverlib\ticlang\Release\</path>
         <kind>archive</kind>
         <file>driverlib.a</file>
         <name>timer.obj</name>
      </input_file>
      <input_file id="fl-32">
         <path>C:\ti\simplelink_cc32xx_sdk_7_10_00_13\source\ti\devices\cc32xx\driverlib\ticlang\Release\</path>
         <kind>archive</kind>
         <file>driverlib.a</file>
         <name>uart.obj</name>
      </input_file>
      <input_file id="fl-33">
         <path>C:\ti\simplelink_cc32xx_sdk_7_10_00_13\source\ti\devices\cc32xx\driverlib\ticlang\Release\</path>
         <kind>archive</kind>
         <file>driverlib.a</file>
         <name>udma.obj</name>
      </input_file>
      <input_file id="fl-34">
         <path>C:\ti\simplelink_cc32xx_sdk_7_10_00_13\source\ti\devices\cc32xx\driverlib\ticlang\Release\</path>
         <kind>archive</kind>
         <file>driverlib.a</file>
         <name>utils.obj</name>
      </input_file>
      <input_file id="fl-35">
         <path>C:\ti\simplelink_cc32xx_sdk_7_10_00_13\source\ti\devices\cc32xx\driverlib\ticlang\Release\</path>
         <kind>archive</kind>
         <file>driverlib.a</file>
         <name>flash.obj</name>
      </input_file>
      <input_file id="fl-44">
         <path>C:\ti\ccs1260\ccs\tools\compiler\ti-cgt-armllvm_3.2.1.LTS\lib\armv7em-ti-none-eabi\c\</path>
         <kind>archive</kind>
         <file>libc.a</file>
         <name>snprintf.c.obj</name>
      </input_file>
      <input_file id="fl-45">
         <path>C:\ti\ccs1260\ccs\tools\compiler\ti-cgt-armllvm_3.2.1.LTS\lib\armv7em-ti-none-eabi\c\</path>
         <kind>archive</kind>
         <file>libc.a</file>
         <name>memory.c.obj</name>
      </input_file>
      <input_file id="fl-46">
         <path>C:\ti\ccs1260\ccs\tools\compiler\ti-cgt-armllvm_3.2.1.LTS\lib\armv7em-ti-none-eabi\c\</path>
         <kind>archive</kind>
         <file>libc.a</file>
         <name>copy_zero_init.c.obj</name>
      </input_file>
      <input_file id="fl-47">
         <path>C:\ti\ccs1260\ccs\tools\compiler\ti-cgt-armllvm_3.2.1.LTS\lib\armv7em-ti-none-eabi\c\</path>
         <kind>archive</kind>
         <file>libc.a</file>
         <name>copy_decompress_none.c.obj</name>
      </input_file>
      <input_file id="fl-48">
         <path>C:\ti\ccs1260\ccs\tools\compiler\ti-cgt-armllvm_3.2.1.LTS\lib\armv7em-ti-none-eabi\c\</path>
         <kind>archive</kind>
         <file>libc.a</file>
         <name>copy_decompress_lzss.c.obj</name>
      </input_file>
      <input_file id="fl-49">
         <path>C:\ti\ccs1260\ccs\tools\compiler\ti-cgt-armllvm_3.2.1.LTS\lib\armv7em-ti-none-eabi\c\</path>
         <kind>archive</kind>
         <file>libc.a</file>
         <name>boot_cortex_m.c.obj</name>
      </input_file>
      <input_file id="fl-4a">
         <path>C:\ti\ccs1260\ccs\tools\compiler\ti-cgt-armllvm_3.2.1.LTS\lib\armv7em-ti-none-eabi\c\</path>
         <kind>archive</kind>
         <file>libc.a</file>
         <name>mathacl_init.c.obj</name>
      </input_file>
      <input_file id="fl-4b">
         <path>C:\ti\ccs1260\ccs\tools\compiler\ti-cgt-armllvm_3.2.1.LTS\lib\armv7em-ti-none-eabi\c\</path>
         <kind>archive</kind>
         <file>libc.a</file>
         <name>_printfi.c.obj</name>
      </input_file>
      <input_file id="fl-4c">
         <path>C:\ti\ccs1260\ccs\tools\compiler\ti-cgt-armllvm_3.2.1.LTS\lib\armv7em-ti-none-eabi\c\</path>
         <kind>archive</kind>
         <file>libc.a</file>
         <name>s_frexp.c.obj</name>
      </input_file>
      <input_file id="fl-4d">
         <path>C:\ti\ccs1260\ccs\tools\compiler\ti-cgt-armllvm_3.2.1.LTS\lib\armv7em-ti-none-eabi\c\</path>
         <kind>archive</kind>
         <file>libc.a</file>
         <name>s_scalbn.c.obj</name>
      </input_file>
      <input_file id="fl-4e">
         <path>C:\ti\ccs1260\ccs\tools\compiler\ti-cgt-armllvm_3.2.1.LTS\lib\armv7em-ti-none-eabi\c\</path>
         <kind>archive</kind>
         <file>libc.a</file>
         <name>aeabi_portable.c.obj</name>
      </input_file>
      <input_file id="fl-4f">
         <path>C:\ti\ccs1260\ccs\tools\compiler\ti-cgt-armllvm_3.2.1.LTS\lib\armv7em-ti-none-eabi\c\</path>
         <kind>archive</kind>
         <file>libc.a</file>
         <name>exit.c.obj</name>
      </input_file>
      <input_file id="fl-50">
         <path>C:\ti\ccs1260\ccs\tools\compiler\ti-cgt-armllvm_3.2.1.LTS\lib\armv7em-ti-none-eabi\c\</path>
         <kind>archive</kind>
         <file>libc.a</file>
         <name>_lock.c.obj</name>
      </input_file>
      <input_file id="fl-51">
         <path>C:\ti\ccs1260\ccs\tools\compiler\ti-cgt-armllvm_3.2.1.LTS\lib\armv7em-ti-none-eabi\c\</path>
         <kind>archive</kind>
         <file>libc.a</file>
         <name>_ltoa.c.obj</name>
      </input_file>
      <input_file id="fl-52">
         <path>C:\ti\ccs1260\ccs\tools\compiler\ti-cgt-armllvm_3.2.1.LTS\lib\armv7em-ti-none-eabi\c\</path>
         <kind>archive</kind>
         <file>libc.a</file>
         <name>args_main.c.obj</name>
      </input_file>
      <input_file id="fl-53">
         <path>C:\ti\ccs1260\ccs\tools\compiler\ti-cgt-armllvm_3.2.1.LTS\lib\armv7em-ti-none-eabi\c\</path>
         <kind>archive</kind>
         <file>libc.a</file>
         <name>assert.c.obj</name>
      </input_file>
      <input_file id="fl-54">
         <path>C:\ti\ccs1260\ccs\tools\compiler\ti-cgt-armllvm_3.2.1.LTS\lib\armv7em-ti-none-eabi\c\</path>
         <kind>archive</kind>
         <file>libc.a</file>
         <name>atoi.c.obj</name>
      </input_file>
      <input_file id="fl-55">
         <path>C:\ti\ccs1260\ccs\tools\compiler\ti-cgt-armllvm_3.2.1.LTS\lib\armv7em-ti-none-eabi\c\</path>
         <kind>archive</kind>
         <file>libc.a</file>
         <name>defs.c.obj</name>
      </input_file>
      <input_file id="fl-56">
         <path>C:\ti\ccs1260\ccs\tools\compiler\ti-cgt-armllvm_3.2.1.LTS\lib\armv7em-ti-none-eabi\c\</path>
         <kind>archive</kind>
         <file>libc.a</file>
         <name>memccpy.c.obj</name>
      </input_file>
      <input_file id="fl-57">
         <path>C:\ti\ccs1260\ccs\tools\compiler\ti-cgt-armllvm_3.2.1.LTS\lib\armv7em-ti-none-eabi\c\</path>
         <kind>archive</kind>
         <file>libc.a</file>
         <name>autoinit.c.obj</name>
      </input_file>
      <input_file id="fl-58">
         <path>C:\ti\ccs1260\ccs\tools\compiler\ti-cgt-armllvm_3.2.1.LTS\lib\armv7em-ti-none-eabi\c\</path>
         <kind>archive</kind>
         <file>libc.a</file>
         <name>pre_init.c.obj</name>
      </input_file>
      <input_file id="fl-59">
         <path>C:\ti\ccs1260\ccs\tools\compiler\ti-cgt-armllvm_3.2.1.LTS\lib\armv7em-ti-none-eabi\c\</path>
         <kind>archive</kind>
         <file>libc.a</file>
         <name>cpy_tbl.c.obj</name>
      </input_file>
      <input_file id="fl-5a">
         <path>C:\ti\ccs1260\ccs\tools\compiler\ti-cgt-armllvm_3.2.1.LTS\lib\armv7em-ti-none-eabi\c\</path>
         <kind>archive</kind>
         <file>libc.a</file>
         <name>wcslen.c.obj</name>
      </input_file>
      <input_file id="fl-5b">
         <path>C:\ti\ccs1260\ccs\tools\compiler\ti-cgt-armllvm_3.2.1.LTS\lib\armv7em-ti-none-eabi\c\</path>
         <kind>archive</kind>
         <file>libc.a</file>
         <name>sprintf.c.obj</name>
      </input_file>
      <input_file id="fl-5c">
         <path>C:\ti\ccs1260\ccs\tools\compiler\ti-cgt-armllvm_3.2.1.LTS\lib\armv7em-ti-none-eabi\c\</path>
         <kind>archive</kind>
         <file>libc.a</file>
         <name>fflush.c.obj</name>
      </input_file>
      <input_file id="fl-5d">
         <path>C:\ti\ccs1260\ccs\tools\compiler\ti-cgt-armllvm_3.2.1.LTS\lib\armv7em-ti-none-eabi\c\</path>
         <kind>archive</kind>
         <file>libc.a</file>
         <name>fputs.c.obj</name>
      </input_file>
      <input_file id="fl-5e">
         <path>C:\ti\ccs1260\ccs\tools\compiler\ti-cgt-armllvm_3.2.1.LTS\lib\armv7em-ti-none-eabi\c\</path>
         <kind>archive</kind>
         <file>libc.a</file>
         <name>_io_perm.c.obj</name>
      </input_file>
      <input_file id="fl-5f">
         <path>C:\ti\ccs1260\ccs\tools\compiler\ti-cgt-armllvm_3.2.1.LTS\lib\armv7em-ti-none-eabi\c\</path>
         <kind>archive</kind>
         <file>libc.a</file>
         <name>setvbuf.c.obj</name>
      </input_file>
      <input_file id="fl-60">
         <path>C:\ti\ccs1260\ccs\tools\compiler\ti-cgt-armllvm_3.2.1.LTS\lib\armv7em-ti-none-eabi\c\</path>
         <kind>archive</kind>
         <file>libc.a</file>
         <name>aeabi_ctype.S.obj</name>
      </input_file>
      <input_file id="fl-61">
         <path>C:\ti\ccs1260\ccs\tools\compiler\ti-cgt-armllvm_3.2.1.LTS\lib\armv7em-ti-none-eabi\c\</path>
         <kind>archive</kind>
         <file>libc.a</file>
         <name>fopen.c.obj</name>
      </input_file>
      <input_file id="fl-62">
         <path>C:\ti\ccs1260\ccs\tools\compiler\ti-cgt-armllvm_3.2.1.LTS\lib\armv7em-ti-none-eabi\c\</path>
         <kind>archive</kind>
         <file>libc.a</file>
         <name>fseek.c.obj</name>
      </input_file>
      <input_file id="fl-63">
         <path>C:\ti\ccs1260\ccs\tools\compiler\ti-cgt-armllvm_3.2.1.LTS\lib\armv7em-ti-none-eabi\c\</path>
         <kind>archive</kind>
         <file>libc.a</file>
         <name>fclose.c.obj</name>
      </input_file>
      <input_file id="fl-c9">
         <path>C:\ti\ccs1260\ccs\tools\compiler\ti-cgt-armllvm_3.2.1.LTS\lib\armv7em-ti-none-eabi\c\</path>
         <kind>archive</kind>
         <file>libsysbm.a</file>
         <name>write.c.obj</name>
      </input_file>
      <input_file id="fl-ca">
         <path>C:\ti\ccs1260\ccs\tools\compiler\ti-cgt-armllvm_3.2.1.LTS\lib\armv7em-ti-none-eabi\c\</path>
         <kind>archive</kind>
         <file>libsysbm.a</file>
         <name>host_device.c.obj</name>
      </input_file>
      <input_file id="fl-cb">
         <path>C:\ti\ccs1260\ccs\tools\compiler\ti-cgt-armllvm_3.2.1.LTS\lib\armv7em-ti-none-eabi\c\</path>
         <kind>archive</kind>
         <file>libsysbm.a</file>
         <name>remove.c.obj</name>
      </input_file>
      <input_file id="fl-cc">
         <path>C:\ti\ccs1260\ccs\tools\compiler\ti-cgt-armllvm_3.2.1.LTS\lib\armv7em-ti-none-eabi\c\</path>
         <kind>archive</kind>
         <file>libsysbm.a</file>
         <name>open.c.obj</name>
      </input_file>
      <input_file id="fl-cd">
         <path>C:\ti\ccs1260\ccs\tools\compiler\ti-cgt-armllvm_3.2.1.LTS\lib\armv7em-ti-none-eabi\c\</path>
         <kind>archive</kind>
         <file>libsysbm.a</file>
         <name>lseek.c.obj</name>
      </input_file>
      <input_file id="fl-ce">
         <path>C:\ti\ccs1260\ccs\tools\compiler\ti-cgt-armllvm_3.2.1.LTS\lib\armv7em-ti-none-eabi\c\</path>
         <kind>archive</kind>
         <file>libsysbm.a</file>
         <name>close.c.obj</name>
      </input_file>
      <input_file id="fl-cf">
         <path>C:\ti\ccs1260\ccs\tools\compiler\ti-cgt-armllvm_3.2.1.LTS\lib\armv7em-ti-none-eabi\c\</path>
         <kind>archive</kind>
         <file>libsysbm.a</file>
         <name>unlink.c.obj</name>
      </input_file>
      <input_file id="fl-d0">
         <path>C:\ti\ccs1260\ccs\tools\compiler\ti-cgt-armllvm_3.2.1.LTS\lib\armv7em-ti-none-eabi\c\</path>
         <kind>archive</kind>
         <file>libsysbm.a</file>
         <name>hostclose.c.obj</name>
      </input_file>
      <input_file id="fl-d1">
         <path>C:\ti\ccs1260\ccs\tools\compiler\ti-cgt-armllvm_3.2.1.LTS\lib\armv7em-ti-none-eabi\c\</path>
         <kind>archive</kind>
         <file>libsysbm.a</file>
         <name>hostlseek.c.obj</name>
      </input_file>
      <input_file id="fl-d2">
         <path>C:\ti\ccs1260\ccs\tools\compiler\ti-cgt-armllvm_3.2.1.LTS\lib\armv7em-ti-none-eabi\c\</path>
         <kind>archive</kind>
         <file>libsysbm.a</file>
         <name>hostopen.c.obj</name>
      </input_file>
      <input_file id="fl-d3">
         <path>C:\ti\ccs1260\ccs\tools\compiler\ti-cgt-armllvm_3.2.1.LTS\lib\armv7em-ti-none-eabi\c\</path>
         <kind>archive</kind>
         <file>libsysbm.a</file>
         <name>hostread.c.obj</name>
      </input_file>
      <input_file id="fl-d4">
         <path>C:\ti\ccs1260\ccs\tools\compiler\ti-cgt-armllvm_3.2.1.LTS\lib\armv7em-ti-none-eabi\c\</path>
         <kind>archive</kind>
         <file>libsysbm.a</file>
         <name>hostrename.c.obj</name>
      </input_file>
      <input_file id="fl-d5">
         <path>C:\ti\ccs1260\ccs\tools\compiler\ti-cgt-armllvm_3.2.1.LTS\lib\armv7em-ti-none-eabi\c\</path>
         <kind>archive</kind>
         <file>libsysbm.a</file>
         <name>hostunlink.c.obj</name>
      </input_file>
      <input_file id="fl-d6">
         <path>C:\ti\ccs1260\ccs\tools\compiler\ti-cgt-armllvm_3.2.1.LTS\lib\armv7em-ti-none-eabi\c\</path>
         <kind>archive</kind>
         <file>libsysbm.a</file>
         <name>hostwrite.c.obj</name>
      </input_file>
      <input_file id="fl-d7">
         <path>C:\ti\ccs1260\ccs\tools\compiler\ti-cgt-armllvm_3.2.1.LTS\lib\armv7em-ti-none-eabi\c\</path>
         <kind>archive</kind>
         <file>libsysbm.a</file>
         <name>trgmsg.c.obj</name>
      </input_file>
      <input_file id="fl-d8">
         <path>C:\ti\ccs1260\ccs\tools\compiler\ti-cgt-armllvm_3.2.1.LTS\lib\clang\15.0.7\lib\armv7em-ti-none-eabi\</path>
         <kind>archive</kind>
         <file>libclang_rt.builtins.a</file>
         <name>adddf3.S.obj</name>
      </input_file>
      <input_file id="fl-d9">
         <path>C:\ti\ccs1260\ccs\tools\compiler\ti-cgt-armllvm_3.2.1.LTS\lib\clang\15.0.7\lib\armv7em-ti-none-eabi\</path>
         <kind>archive</kind>
         <file>libclang_rt.builtins.a</file>
         <name>muldf3.S.obj</name>
      </input_file>
      <input_file id="fl-da">
         <path>C:\ti\ccs1260\ccs\tools\compiler\ti-cgt-armllvm_3.2.1.LTS\lib\clang\15.0.7\lib\armv7em-ti-none-eabi\</path>
         <kind>archive</kind>
         <file>libclang_rt.builtins.a</file>
         <name>addsf3.S.obj</name>
      </input_file>
      <input_file id="fl-db">
         <path>C:\ti\ccs1260\ccs\tools\compiler\ti-cgt-armllvm_3.2.1.LTS\lib\clang\15.0.7\lib\armv7em-ti-none-eabi\</path>
         <kind>archive</kind>
         <file>libclang_rt.builtins.a</file>
         <name>divdf3.S.obj</name>
      </input_file>
      <input_file id="fl-dc">
         <path>C:\ti\ccs1260\ccs\tools\compiler\ti-cgt-armllvm_3.2.1.LTS\lib\clang\15.0.7\lib\armv7em-ti-none-eabi\</path>
         <kind>archive</kind>
         <file>libclang_rt.builtins.a</file>
         <name>fixdfsi.S.obj</name>
      </input_file>
      <input_file id="fl-dd">
         <path>C:\ti\ccs1260\ccs\tools\compiler\ti-cgt-armllvm_3.2.1.LTS\lib\clang\15.0.7\lib\armv7em-ti-none-eabi\</path>
         <kind>archive</kind>
         <file>libclang_rt.builtins.a</file>
         <name>floatsidf.S.obj</name>
      </input_file>
      <input_file id="fl-de">
         <path>C:\ti\ccs1260\ccs\tools\compiler\ti-cgt-armllvm_3.2.1.LTS\lib\clang\15.0.7\lib\armv7em-ti-none-eabi\</path>
         <kind>archive</kind>
         <file>libclang_rt.builtins.a</file>
         <name>floatsisf.S.obj</name>
      </input_file>
      <input_file id="fl-df">
         <path>C:\ti\ccs1260\ccs\tools\compiler\ti-cgt-armllvm_3.2.1.LTS\lib\clang\15.0.7\lib\armv7em-ti-none-eabi\</path>
         <kind>archive</kind>
         <file>libclang_rt.builtins.a</file>
         <name>aeabi_dcmp.S.obj</name>
      </input_file>
      <input_file id="fl-e0">
         <path>C:\ti\ccs1260\ccs\tools\compiler\ti-cgt-armllvm_3.2.1.LTS\lib\clang\15.0.7\lib\armv7em-ti-none-eabi\</path>
         <kind>archive</kind>
         <file>libclang_rt.builtins.a</file>
         <name>aeabi_fcmp.S.obj</name>
      </input_file>
      <input_file id="fl-e1">
         <path>C:\ti\ccs1260\ccs\tools\compiler\ti-cgt-armllvm_3.2.1.LTS\lib\clang\15.0.7\lib\armv7em-ti-none-eabi\</path>
         <kind>archive</kind>
         <file>libclang_rt.builtins.a</file>
         <name>aeabi_memcpy.S.obj</name>
      </input_file>
      <input_file id="fl-e2">
         <path>C:\ti\ccs1260\ccs\tools\compiler\ti-cgt-armllvm_3.2.1.LTS\lib\clang\15.0.7\lib\armv7em-ti-none-eabi\</path>
         <kind>archive</kind>
         <file>libclang_rt.builtins.a</file>
         <name>aeabi_memset.S.obj</name>
      </input_file>
      <input_file id="fl-e3">
         <path>C:\ti\ccs1260\ccs\tools\compiler\ti-cgt-armllvm_3.2.1.LTS\lib\clang\15.0.7\lib\armv7em-ti-none-eabi\</path>
         <kind>archive</kind>
         <file>libclang_rt.builtins.a</file>
         <name>aeabi_uldivmod.S.obj</name>
      </input_file>
      <input_file id="fl-e4">
         <path>C:\ti\ccs1260\ccs\tools\compiler\ti-cgt-armllvm_3.2.1.LTS\lib\clang\15.0.7\lib\armv7em-ti-none-eabi\</path>
         <kind>archive</kind>
         <file>libclang_rt.builtins.a</file>
         <name>comparesf2.S.obj</name>
      </input_file>
      <input_file id="fl-e5">
         <path>C:\ti\ccs1260\ccs\tools\compiler\ti-cgt-armllvm_3.2.1.LTS\lib\clang\15.0.7\lib\armv7em-ti-none-eabi\</path>
         <kind>archive</kind>
         <file>libclang_rt.builtins.a</file>
         <name>udivmoddi4.S.obj</name>
      </input_file>
      <input_file id="fl-e6">
         <path>C:\ti\ccs1260\ccs\tools\compiler\ti-cgt-armllvm_3.2.1.LTS\lib\clang\15.0.7\lib\armv7em-ti-none-eabi\</path>
         <kind>archive</kind>
         <file>libclang_rt.builtins.a</file>
         <name>comparedf2.c.obj</name>
      </input_file>
      <input_file id="fl-e7">
         <path>C:\ti\ccs1260\ccs\tools\compiler\ti-cgt-armllvm_3.2.1.LTS\lib\clang\15.0.7\lib\armv7em-ti-none-eabi\</path>
         <kind>archive</kind>
         <file>libclang_rt.builtins.a</file>
         <name>aeabi_div0.c.obj</name>
      </input_file>
      <input_file id="fl-e8">
         <path>C:\ti\ccs1260\ccs\tools\compiler\ti-cgt-armllvm_3.2.1.LTS\lib\armv7em-ti-none-eabi\c\</path>
         <kind>archive</kind>
         <file>libc.a</file>
         <name>getdevice.c.obj</name>
      </input_file>
      <input_file id="fl-e9">
         <path>C:\ti\ccs1260\ccs\tools\compiler\ti-cgt-armllvm_3.2.1.LTS\lib\armv7em-ti-none-eabi\c\</path>
         <kind>archive</kind>
         <file>libc.a</file>
         <name>strcmp_t2.S.obj</name>
      </input_file>
      <input_file id="fl-ea">
         <path>C:\ti\ccs1260\ccs\tools\compiler\ti-cgt-armllvm_3.2.1.LTS\lib\armv7em-ti-none-eabi\c\</path>
         <kind>archive</kind>
         <file>libc.a</file>
         <name>memcpy_t2.S.obj</name>
      </input_file>
      <input_file id="fl-eb">
         <path>C:\ti\ccs1260\ccs\tools\compiler\ti-cgt-armllvm_3.2.1.LTS\lib\armv7em-ti-none-eabi\c\</path>
         <kind>archive</kind>
         <file>libc.a</file>
         <name>memset_t2.S.obj</name>
      </input_file>
   </input_file_list>
   <object_component_list>
      <object_component id="oc-242">
         <name>.text:__TI_printfi_nofloat</name>
         <load_address>0x2000c040</load_address>
         <readonly>true</readonly>
         <executable>true</executable>
         <run_address>0x2000c040</run_address>
         <size>0x86c</size>
         <alignment>0x4</alignment>
         <input_file_ref idref="fl-4b"/>
      </object_component>
      <object_component id="oc-d2">
         <name>.text.PRCMCC3200MCUInit</name>
         <load_address>0x2000c8ac</load_address>
         <readonly>true</readonly>
         <executable>true</executable>
         <run_address>0x2000c8ac</run_address>
         <size>0x4b8</size>
         <alignment>0x2</alignment>
         <input_file_ref idref="fl-2e"/>
      </object_component>
      <object_component id="oc-263">
         <name>.text.Power_sleep</name>
         <load_address>0x2000cd64</load_address>
         <readonly>true</readonly>
         <executable>true</executable>
         <run_address>0x2000cd64</run_address>
         <size>0x3e4</size>
         <alignment>0x4</alignment>
         <input_file_ref idref="fl-18"/>
      </object_component>
      <object_component id="oc-210">
         <name>.text.UART2CC32XX_hwiIntFxn</name>
         <load_address>0x2000d148</load_address>
         <readonly>true</readonly>
         <executable>true</executable>
         <run_address>0x2000d148</run_address>
         <size>0x222</size>
         <alignment>0x2</alignment>
         <input_file_ref idref="fl-1d"/>
      </object_component>
      <object_component id="oc-e2">
         <name>.text.Board_initHook</name>
         <load_address>0x2000d36a</load_address>
         <readonly>true</readonly>
         <executable>true</executable>
         <run_address>0x2000d36a</run_address>
         <size>0x2</size>
         <alignment>0x2</alignment>
         <input_file_ref idref="fl-2"/>
      </object_component>
      <object_component id="oc-164">
         <name>.text.UART2_open</name>
         <load_address>0x2000d36c</load_address>
         <readonly>true</readonly>
         <executable>true</executable>
         <run_address>0x2000d36c</run_address>
         <size>0x1cc</size>
         <alignment>0x4</alignment>
         <input_file_ref idref="fl-1d"/>
      </object_component>
      <object_component id="oc-f5">
         <name>.text.initI2C</name>
         <load_address>0x2000d538</load_address>
         <readonly>true</readonly>
         <executable>true</executable>
         <run_address>0x2000d538</run_address>
         <size>0x178</size>
         <alignment>0x4</alignment>
         <input_file_ref idref="fl-1"/>
      </object_component>
      <object_component id="oc-245">
         <name>.text.UART2_writeTimeoutBlocking</name>
         <load_address>0x2000d6b0</load_address>
         <readonly>true</readonly>
         <executable>true</executable>
         <run_address>0x2000d6b0</run_address>
         <size>0x174</size>
         <alignment>0x2</alignment>
         <input_file_ref idref="fl-1c"/>
      </object_component>
      <object_component id="oc-b0">
         <name>.text.mainThread</name>
         <load_address>0x2000d824</load_address>
         <readonly>true</readonly>
         <executable>true</executable>
         <run_address>0x2000d824</run_address>
         <size>0x164</size>
         <alignment>0x4</alignment>
         <input_file_ref idref="fl-1"/>
      </object_component>
      <object_component id="oc-1d7">
         <name>.text.PowerCC32XX_sleepPolicy</name>
         <load_address>0x2000d988</load_address>
         <readonly>true</readonly>
         <executable>true</executable>
         <run_address>0x2000d988</run_address>
         <size>0x150</size>
         <alignment>0x4</alignment>
         <input_file_ref idref="fl-25"/>
      </object_component>
      <object_component id="oc-18b">
         <name>.text.Timer_open</name>
         <load_address>0x2000dad8</load_address>
         <readonly>true</readonly>
         <executable>true</executable>
         <run_address>0x2000dad8</run_address>
         <size>0x148</size>
         <alignment>0x4</alignment>
         <input_file_ref idref="fl-1b"/>
      </object_component>
      <object_component id="oc-113">
         <name>.text.GPIO_setConfig</name>
         <load_address>0x2000dc20</load_address>
         <readonly>true</readonly>
         <executable>true</executable>
         <run_address>0x2000dc20</run_address>
         <size>0x140</size>
         <alignment>0x4</alignment>
         <input_file_ref idref="fl-15"/>
      </object_component>
      <object_component id="oc-220">
         <name>.text.I2CCC32XX_hwiFxn</name>
         <load_address>0x2000dd60</load_address>
         <readonly>true</readonly>
         <executable>true</executable>
         <run_address>0x2000dd60</run_address>
         <size>0x138</size>
         <alignment>0x2</alignment>
         <input_file_ref idref="fl-17"/>
      </object_component>
      <object_component id="oc-224">
         <name>.text.I2C_transferTimeout</name>
         <load_address>0x2000de98</load_address>
         <readonly>true</readonly>
         <executable>true</executable>
         <run_address>0x2000de98</run_address>
         <size>0x126</size>
         <alignment>0x2</alignment>
         <input_file_ref idref="fl-16"/>
      </object_component>
      <object_component id="oc-16a">
         <name>.text.I2C_init</name>
         <load_address>0x2000dfbe</load_address>
         <readonly>true</readonly>
         <executable>true</executable>
         <run_address>0x2000dfbe</run_address>
         <size>0x2</size>
         <alignment>0x2</alignment>
         <input_file_ref idref="fl-16"/>
      </object_component>
      <object_component id="oc-302">
         <name>.text.aligned_alloc</name>
         <load_address>0x2000dfc0</load_address>
         <readonly>true</readonly>
         <executable>true</executable>
         <run_address>0x2000dfc0</run_address>
         <size>0x120</size>
         <alignment>0x4</alignment>
         <input_file_ref idref="fl-45"/>
      </object_component>
      <object_component id="oc-244">
         <name>.text.UART2_writeTimeoutNonblocking</name>
         <load_address>0x2000e0e0</load_address>
         <readonly>true</readonly>
         <executable>true</executable>
         <run_address>0x2000e0e0</run_address>
         <size>0x11a</size>
         <alignment>0x2</alignment>
         <input_file_ref idref="fl-1c"/>
      </object_component>
      <object_component id="oc-339">
         <name>.text.uDMAChannelTransferSet</name>
         <load_address>0x2000e1fa</load_address>
         <readonly>true</readonly>
         <executable>true</executable>
         <run_address>0x2000e1fa</run_address>
         <size>0x112</size>
         <alignment>0x2</alignment>
         <input_file_ref idref="fl-33"/>
      </object_component>
      <object_component id="oc-19f">
         <name>.text.__muldf3</name>
         <load_address>0x2000e30c</load_address>
         <readonly>true</readonly>
         <executable>true</executable>
         <run_address>0x2000e30c</run_address>
         <size>0xfc</size>
         <alignment>0x4</alignment>
         <input_file_ref idref="fl-d9"/>
      </object_component>
      <object_component id="oc-10f">
         <name>.text</name>
         <load_address>0x2000e408</load_address>
         <readonly>true</readonly>
         <executable>true</executable>
         <run_address>0x2000e408</run_address>
         <size>0xfa</size>
         <alignment>0x4</alignment>
         <input_file_ref idref="fl-da"/>
      </object_component>
      <object_component id="oc-1d2">
         <name>.text.PowerCC32XX_initPolicy</name>
         <load_address>0x2000e502</load_address>
         <readonly>true</readonly>
         <executable>true</executable>
         <run_address>0x2000e502</run_address>
         <size>0x2</size>
         <alignment>0x2</alignment>
         <input_file_ref idref="fl-25"/>
      </object_component>
      <object_component id="oc-1de">
         <name>.text.free</name>
         <load_address>0x2000e504</load_address>
         <readonly>true</readonly>
         <executable>true</executable>
         <run_address>0x2000e504</run_address>
         <size>0xf0</size>
         <alignment>0x4</alignment>
         <input_file_ref idref="fl-45"/>
      </object_component>
      <object_component id="oc-170">
         <name>.text.I2C_open</name>
         <load_address>0x2000e5f4</load_address>
         <readonly>true</readonly>
         <executable>true</executable>
         <run_address>0x2000e5f4</run_address>
         <size>0xe8</size>
         <alignment>0x4</alignment>
         <input_file_ref idref="fl-17"/>
      </object_component>
      <object_component id="oc-20b">
         <name>.text.UART2_close</name>
         <load_address>0x2000e6dc</load_address>
         <readonly>true</readonly>
         <executable>true</executable>
         <run_address>0x2000e6dc</run_address>
         <size>0xe8</size>
         <alignment>0x4</alignment>
         <input_file_ref idref="fl-1d"/>
      </object_component>
      <object_component id="oc-2ac">
         <name>.text.UART2Support_dmaStartRx</name>
         <load_address>0x2000e7c4</load_address>
         <readonly>true</readonly>
         <executable>true</executable>
         <run_address>0x2000e7c4</run_address>
         <size>0xcc</size>
         <alignment>0x4</alignment>
         <input_file_ref idref="fl-1d"/>
      </object_component>
      <object_component id="oc-32e">
         <name>.text.IntDisable</name>
         <load_address>0x2000e890</load_address>
         <readonly>true</readonly>
         <executable>true</executable>
         <run_address>0x2000e890</run_address>
         <size>0xc8</size>
         <alignment>0x2</alignment>
         <input_file_ref idref="fl-2c"/>
      </object_component>
      <object_component id="oc-295">
         <name>.text.IntEnable</name>
         <load_address>0x2000e958</load_address>
         <readonly>true</readonly>
         <executable>true</executable>
         <run_address>0x2000e958</run_address>
         <size>0xc8</size>
         <alignment>0x2</alignment>
         <input_file_ref idref="fl-2c"/>
      </object_component>
      <object_component id="oc-207">
         <name>.text.UART2CC32XX_initHw</name>
         <load_address>0x2000ea20</load_address>
         <readonly>true</readonly>
         <executable>true</executable>
         <run_address>0x2000ea20</run_address>
         <size>0xc4</size>
         <alignment>0x4</alignment>
         <input_file_ref idref="fl-1d"/>
      </object_component>
      <object_component id="oc-2af">
         <name>.text.UART2Support_dmaStartTx</name>
         <load_address>0x2000eae4</load_address>
         <readonly>true</readonly>
         <executable>true</executable>
         <run_address>0x2000eae4</run_address>
         <size>0xb8</size>
         <alignment>0x4</alignment>
         <input_file_ref idref="fl-1d"/>
      </object_component>
      <object_component id="oc-309">
         <name>.text</name>
         <load_address>0x2000eb9c</load_address>
         <readonly>true</readonly>
         <executable>true</executable>
         <run_address>0x2000eb9c</run_address>
         <size>0xb0</size>
         <alignment>0x4</alignment>
         <input_file_ref idref="fl-e5"/>
      </object_component>
      <object_component id="oc-248">
         <name>.text.GPIOIntTypeSet</name>
         <load_address>0x2000ec4c</load_address>
         <readonly>true</readonly>
         <executable>true</executable>
         <run_address>0x2000ec4c</run_address>
         <size>0xac</size>
         <alignment>0x2</alignment>
         <input_file_ref idref="fl-29"/>
      </object_component>
      <object_component id="oc-391">
         <name>.text.IntPendSet</name>
         <load_address>0x2000ecf8</load_address>
         <readonly>true</readonly>
         <executable>true</executable>
         <run_address>0x2000ecf8</run_address>
         <size>0xa4</size>
         <alignment>0x2</alignment>
         <input_file_ref idref="fl-2c"/>
      </object_component>
      <object_component id="oc-1b4">
         <name>.text.PinConfigSet</name>
         <load_address>0x2000ed9c</load_address>
         <readonly>true</readonly>
         <executable>true</executable>
         <run_address>0x2000ed9c</run_address>
         <size>0xa2</size>
         <alignment>0x2</alignment>
         <input_file_ref idref="fl-2d"/>
      </object_component>
      <object_component id="oc-2c2">
         <name>.text.I2CCC32XX_completeTransfer</name>
         <load_address>0x2000ee3e</load_address>
         <readonly>true</readonly>
         <executable>true</executable>
         <run_address>0x2000ee3e</run_address>
         <size>0x9c</size>
         <alignment>0x2</alignment>
         <input_file_ref idref="fl-17"/>
      </object_component>
      <object_component id="oc-29e">
         <name>.text.SemaphoreP_destruct</name>
         <load_address>0x2000eeda</load_address>
         <readonly>true</readonly>
         <executable>true</executable>
         <run_address>0x2000eeda</run_address>
         <size>0x2</size>
         <alignment>0x2</alignment>
         <input_file_ref idref="fl-22"/>
      </object_component>
      <object_component id="oc-fc">
         <name>.text.readTemp</name>
         <load_address>0x2000eedc</load_address>
         <readonly>true</readonly>
         <executable>true</executable>
         <run_address>0x2000eedc</run_address>
         <size>0x9c</size>
         <alignment>0x4</alignment>
         <input_file_ref idref="fl-1"/>
      </object_component>
      <object_component id="oc-2b3">
         <name>.text.I2CMasterInitExpClk</name>
         <load_address>0x2000ef78</load_address>
         <readonly>true</readonly>
         <executable>true</executable>
         <run_address>0x2000ef78</run_address>
         <size>0x98</size>
         <alignment>0x2</alignment>
         <input_file_ref idref="fl-2b"/>
      </object_component>
      <object_component id="oc-14b">
         <name>.text.SemaphoreP_pend</name>
         <load_address>0x2000f010</load_address>
         <readonly>true</readonly>
         <executable>true</executable>
         <run_address>0x2000f010</run_address>
         <size>0x98</size>
         <alignment>0x4</alignment>
         <input_file_ref idref="fl-22"/>
      </object_component>
      <object_component id="oc-148">
         <name>.text.HwiP_disable</name>
         <load_address>0x2000f0a8</load_address>
         <readonly>true</readonly>
         <executable>true</executable>
         <run_address>0x2000f0a8</run_address>
         <size>0x8</size>
         <alignment>0x2</alignment>
         <input_file_ref idref="fl-24"/>
      </object_component>
      <object_component id="oc-315">
         <name>.text</name>
         <load_address>0x2000f0b0</load_address>
         <readonly>true</readonly>
         <executable>true</executable>
         <run_address>0x2000f0b0</run_address>
         <size>0x96</size>
         <alignment>0x10</alignment>
         <input_file_ref idref="fl-19"/>
      </object_component>
      <object_component id="oc-28e">
         <name>.text.uDMAChannelAttributeDisable</name>
         <load_address>0x2000f146</load_address>
         <readonly>true</readonly>
         <executable>true</executable>
         <run_address>0x2000f146</run_address>
         <size>0x92</size>
         <alignment>0x2</alignment>
         <input_file_ref idref="fl-33"/>
      </object_component>
      <object_component id="oc-dc">
         <name>.text.GPIO_init</name>
         <load_address>0x2000f1d8</load_address>
         <readonly>true</readonly>
         <executable>true</executable>
         <run_address>0x2000f1d8</run_address>
         <size>0x90</size>
         <alignment>0x4</alignment>
         <input_file_ref idref="fl-15"/>
      </object_component>
      <object_component id="oc-12a">
         <name>.text.PRCMSysResetCauseGet</name>
         <load_address>0x2000f268</load_address>
         <readonly>true</readonly>
         <executable>true</executable>
         <run_address>0x2000f268</run_address>
         <size>0x8e</size>
         <alignment>0x2</alignment>
         <input_file_ref idref="fl-2e"/>
      </object_component>
      <object_component id="oc-184">
         <name>.text.Timer_init</name>
         <load_address>0x2000f2f6</load_address>
         <readonly>true</readonly>
         <executable>true</executable>
         <run_address>0x2000f2f6</run_address>
         <size>0x2</size>
         <alignment>0x2</alignment>
         <input_file_ref idref="fl-1a"/>
      </object_component>
      <object_component id="oc-13c">
         <name>.text.PowerCC32XX_configureWakeup</name>
         <load_address>0x2000f2f8</load_address>
         <readonly>true</readonly>
         <executable>true</executable>
         <run_address>0x2000f2f8</run_address>
         <size>0x88</size>
         <alignment>0x4</alignment>
         <input_file_ref idref="fl-18"/>
      </object_component>
      <object_component id="oc-2bf">
         <name>.text.I2CCC32XX_primeReadBurst</name>
         <load_address>0x2000f380</load_address>
         <readonly>true</readonly>
         <executable>true</executable>
         <run_address>0x2000f380</run_address>
         <size>0x7a</size>
         <alignment>0x2</alignment>
         <input_file_ref idref="fl-17"/>
      </object_component>
      <object_component id="oc-20e">
         <name>.text.UART2CC32XX_eventCallback</name>
         <load_address>0x2000f3fa</load_address>
         <readonly>true</readonly>
         <executable>true</executable>
         <run_address>0x2000f3fa</run_address>
         <size>0x2</size>
         <alignment>0x2</alignment>
         <input_file_ref idref="fl-1d"/>
      </object_component>
      <object_component id="oc-d7">
         <name>.text.Power_init</name>
         <load_address>0x2000f3fc</load_address>
         <readonly>true</readonly>
         <executable>true</executable>
         <run_address>0x2000f3fc</run_address>
         <size>0x78</size>
         <alignment>0x4</alignment>
         <input_file_ref idref="fl-18"/>
      </object_component>
      <object_component id="oc-209">
         <name>.text.HwiP_construct</name>
         <load_address>0x2000f474</load_address>
         <readonly>true</readonly>
         <executable>true</executable>
         <run_address>0x2000f474</run_address>
         <size>0x74</size>
         <alignment>0x4</alignment>
         <input_file_ref idref="fl-24"/>
      </object_component>
      <object_component id="oc-1cf">
         <name>.text.PRCMHibernateWakeUpGPIOSelect</name>
         <load_address>0x2000f4e8</load_address>
         <readonly>true</readonly>
         <executable>true</executable>
         <run_address>0x2000f4e8</run_address>
         <size>0x74</size>
         <alignment>0x2</alignment>
         <input_file_ref idref="fl-2e"/>
      </object_component>
      <object_component id="oc-283">
         <name>.text.UARTConfigSetExpClk</name>
         <load_address>0x2000f55c</load_address>
         <readonly>true</readonly>
         <executable>true</executable>
         <run_address>0x2000f55c</run_address>
         <size>0x74</size>
         <alignment>0x2</alignment>
         <input_file_ref idref="fl-32"/>
      </object_component>
      <object_component id="oc-18">
         <name>.text:decompress:lzss</name>
         <load_address>0x2000f5d0</load_address>
         <readonly>true</readonly>
         <executable>true</executable>
         <run_address>0x2000f5d0</run_address>
         <size>0x70</size>
         <alignment>0x2</alignment>
         <input_file_ref idref="fl-48"/>
      </object_component>
      <object_component id="oc-313">
         <name>.text.PinLockLevelSet</name>
         <load_address>0x2000f640</load_address>
         <readonly>true</readonly>
         <executable>true</executable>
         <run_address>0x2000f640</run_address>
         <size>0x6c</size>
         <alignment>0x2</alignment>
         <input_file_ref idref="fl-2d"/>
      </object_component>
      <object_component id="oc-1b5">
         <name>.text.Power_setDependency</name>
         <load_address>0x2000f6ac</load_address>
         <readonly>true</readonly>
         <executable>true</executable>
         <run_address>0x2000f6ac</run_address>
         <size>0x6c</size>
         <alignment>0x4</alignment>
         <input_file_ref idref="fl-18"/>
      </object_component>
      <object_component id="oc-205">
         <name>.text.UDMACC32XX_open</name>
         <load_address>0x2000f718</load_address>
         <readonly>true</readonly>
         <executable>true</executable>
         <run_address>0x2000f718</run_address>
         <size>0x6c</size>
         <alignment>0x4</alignment>
         <input_file_ref idref="fl-20"/>
      </object_component>
      <object_component id="oc-152">
         <name>.text.powerNotifyFxn</name>
         <load_address>0x2000f784</load_address>
         <readonly>true</readonly>
         <executable>true</executable>
         <run_address>0x2000f784</run_address>
         <size>0x6c</size>
         <alignment>0x4</alignment>
         <input_file_ref idref="fl-15"/>
      </object_component>
      <object_component id="oc-37d">
         <name>.text.split</name>
         <load_address>0x2000f7f0</load_address>
         <readonly>true</readonly>
         <executable>true</executable>
         <run_address>0x2000f7f0</run_address>
         <size>0x6c</size>
         <alignment>0x4</alignment>
         <input_file_ref idref="fl-45"/>
      </object_component>
      <object_component id="oc-132">
         <name>.text.PRCMPeripheralReset</name>
         <load_address>0x2000f85c</load_address>
         <readonly>true</readonly>
         <executable>true</executable>
         <run_address>0x2000f85c</run_address>
         <size>0x6a</size>
         <alignment>0x2</alignment>
         <input_file_ref idref="fl-2e"/>
      </object_component>
      <object_component id="oc-380">
         <name>.text.__aeabi_ldiv0</name>
         <load_address>0x2000f8c6</load_address>
         <readonly>true</readonly>
         <executable>true</executable>
         <run_address>0x2000f8c6</run_address>
         <size>0x2</size>
         <alignment>0x2</alignment>
         <input_file_ref idref="fl-e7"/>
      </object_component>
      <object_component id="oc-21b">
         <name>.text.I2CCC32XX_initHw</name>
         <load_address>0x2000f8c8</load_address>
         <readonly>true</readonly>
         <executable>true</executable>
         <run_address>0x2000f8c8</run_address>
         <size>0x68</size>
         <alignment>0x4</alignment>
         <input_file_ref idref="fl-17"/>
      </object_component>
      <object_component id="oc-292">
         <name>.text.IntPendClear</name>
         <load_address>0x2000f930</load_address>
         <readonly>true</readonly>
         <executable>true</executable>
         <run_address>0x2000f930</run_address>
         <size>0x68</size>
         <alignment>0x2</alignment>
         <input_file_ref idref="fl-2c"/>
      </object_component>
      <object_component id="oc-2c0">
         <name>.text.I2CCC32XX_primeWriteBurst</name>
         <load_address>0x2000f998</load_address>
         <readonly>true</readonly>
         <executable>true</executable>
         <run_address>0x2000f998</run_address>
         <size>0x66</size>
         <alignment>0x2</alignment>
         <input_file_ref idref="fl-17"/>
      </object_component>
      <object_component id="oc-1bd">
         <name>.text._nop</name>
         <load_address>0x2000f9fe</load_address>
         <readonly>true</readonly>
         <executable>true</executable>
         <run_address>0x2000f9fe</run_address>
         <size>0x2</size>
         <alignment>0x2</alignment>
         <input_file_ref idref="fl-50"/>
      </object_component>
      <object_component id="oc-f7">
         <name>.text.__aeabi_fcmp</name>
         <load_address>0x2000fa00</load_address>
         <readonly>true</readonly>
         <executable>true</executable>
         <run_address>0x2000fa00</run_address>
         <size>0x62</size>
         <alignment>0x4</alignment>
         <input_file_ref idref="fl-e0"/>
      </object_component>
      <object_component id="oc-57">
         <name>.text.busFaultHandler</name>
         <load_address>0x2000fa62</load_address>
         <readonly>true</readonly>
         <executable>true</executable>
         <run_address>0x2000fa62</run_address>
         <size>0x2</size>
         <alignment>0x2</alignment>
         <input_file_ref idref="fl-26"/>
      </object_component>
      <object_component id="oc-ed">
         <name>.text.GPIO_write</name>
         <load_address>0x2000fa64</load_address>
         <readonly>true</readonly>
         <executable>true</executable>
         <run_address>0x2000fa64</run_address>
         <size>0x60</size>
         <alignment>0x4</alignment>
         <input_file_ref idref="fl-15"/>
      </object_component>
      <object_component id="oc-2ae">
         <name>.text.UART2Support_dmaStopTx</name>
         <load_address>0x2000fac4</load_address>
         <readonly>true</readonly>
         <executable>true</executable>
         <run_address>0x2000fac4</run_address>
         <size>0x60</size>
         <alignment>0x2</alignment>
         <input_file_ref idref="fl-1d"/>
      </object_component>
      <object_component id="oc-38c">
         <name>.text.FlashDisable</name>
         <load_address>0x2000fb24</load_address>
         <readonly>true</readonly>
         <executable>true</executable>
         <run_address>0x2000fb24</run_address>
         <size>0x5c</size>
         <alignment>0x2</alignment>
         <input_file_ref idref="fl-35"/>
      </object_component>
      <object_component id="oc-2c5">
         <name>.text.I2CSupport_primeTransfer</name>
         <load_address>0x2000fb80</load_address>
         <readonly>true</readonly>
         <executable>true</executable>
         <run_address>0x2000fb80</run_address>
         <size>0x5c</size>
         <alignment>0x2</alignment>
         <input_file_ref idref="fl-17"/>
      </object_component>
      <object_component id="oc-1d1">
         <name>.text.PRCMHibernateWakeupSourceDisable</name>
         <load_address>0x2000fbdc</load_address>
         <readonly>true</readonly>
         <executable>true</executable>
         <run_address>0x2000fbdc</run_address>
         <size>0x5c</size>
         <alignment>0x2</alignment>
         <input_file_ref idref="fl-2e"/>
      </object_component>
      <object_component id="oc-22b">
         <name>.text.TimerCC32XX_allocateTimerResource</name>
         <load_address>0x2000fc38</load_address>
         <readonly>true</readonly>
         <executable>true</executable>
         <run_address>0x2000fc38</run_address>
         <size>0x5c</size>
         <alignment>0x4</alignment>
         <input_file_ref idref="fl-1b"/>
      </object_component>
      <object_component id="oc-131">
         <name>.text.PRCMPeripheralClkEnable</name>
         <load_address>0x2000fc94</load_address>
         <readonly>true</readonly>
         <executable>true</executable>
         <run_address>0x2000fc94</run_address>
         <size>0x5a</size>
         <alignment>0x2</alignment>
         <input_file_ref idref="fl-2e"/>
      </object_component>
      <object_component id="oc-1e5">
         <name>.text.clkFxn</name>
         <load_address>0x2000fcee</load_address>
         <readonly>true</readonly>
         <executable>true</executable>
         <run_address>0x2000fcee</run_address>
         <size>0x2</size>
         <alignment>0x2</alignment>
         <input_file_ref idref="fl-22"/>
      </object_component>
      <object_component id="oc-307">
         <name>.text.ClockP_startup</name>
         <load_address>0x2000fcf0</load_address>
         <readonly>true</readonly>
         <executable>true</executable>
         <run_address>0x2000fcf0</run_address>
         <size>0x58</size>
         <alignment>0x4</alignment>
         <input_file_ref idref="fl-23"/>
      </object_component>
      <object_component id="oc-294">
         <name>.text.IntPrioritySet</name>
         <load_address>0x2000fd48</load_address>
         <readonly>true</readonly>
         <executable>true</executable>
         <run_address>0x2000fd48</run_address>
         <size>0x58</size>
         <alignment>0x2</alignment>
         <input_file_ref idref="fl-2c"/>
      </object_component>
      <object_component id="oc-31f">
         <name>.text.PRCMLPDSEnter</name>
         <load_address>0x2000fda0</load_address>
         <readonly>true</readonly>
         <executable>true</executable>
         <run_address>0x2000fda0</run_address>
         <size>0x56</size>
         <alignment>0x2</alignment>
         <input_file_ref idref="fl-2e"/>
      </object_component>
      <object_component id="oc-56">
         <name>.text.defaultHandler</name>
         <load_address>0x2000fdf6</load_address>
         <readonly>true</readonly>
         <executable>true</executable>
         <run_address>0x2000fdf6</run_address>
         <size>0x2</size>
         <alignment>0x2</alignment>
         <input_file_ref idref="fl-26"/>
      </object_component>
      <object_component id="oc-1f1">
         <name>.text.PowerCC32XX_setParkState</name>
         <load_address>0x2000fdf8</load_address>
         <readonly>true</readonly>
         <executable>true</executable>
         <run_address>0x2000fdf8</run_address>
         <size>0x54</size>
         <alignment>0x4</alignment>
         <input_file_ref idref="fl-18"/>
      </object_component>
      <object_component id="oc-2a1">
         <name>.text.Power_releaseDependency</name>
         <load_address>0x2000fe4c</load_address>
         <readonly>true</readonly>
         <executable>true</executable>
         <run_address>0x2000fe4c</run_address>
         <size>0x54</size>
         <alignment>0x4</alignment>
         <input_file_ref idref="fl-18"/>
      </object_component>
      <object_component id="oc-fb">
         <name>.text.TickFct_ButtonPressed</name>
         <load_address>0x2000fea0</load_address>
         <readonly>true</readonly>
         <executable>true</executable>
         <run_address>0x2000fea0</run_address>
         <size>0x54</size>
         <alignment>0x4</alignment>
         <input_file_ref idref="fl-1"/>
      </object_component>
      <object_component id="oc-1bc">
         <name>.text.GPIO_hwiIntFxn</name>
         <load_address>0x2000fef4</load_address>
         <readonly>true</readonly>
         <executable>true</executable>
         <run_address>0x2000fef4</run_address>
         <size>0x50</size>
         <alignment>0x4</alignment>
         <input_file_ref idref="fl-15"/>
      </object_component>
      <object_component id="oc-1d0">
         <name>.text.PRCMHibernateWakeupSourceEnable</name>
         <load_address>0x2000ff44</load_address>
         <readonly>true</readonly>
         <executable>true</executable>
         <run_address>0x2000ff44</run_address>
         <size>0x50</size>
         <alignment>0x2</alignment>
         <input_file_ref idref="fl-2e"/>
      </object_component>
      <object_component id="oc-26c">
         <name>.text.SemaphoreP_construct</name>
         <load_address>0x2000ff94</load_address>
         <readonly>true</readonly>
         <executable>true</executable>
         <run_address>0x2000ff94</run_address>
         <size>0x50</size>
         <alignment>0x4</alignment>
         <input_file_ref idref="fl-22"/>
      </object_component>
      <object_component id="oc-28d">
         <name>.text.uDMAChannelAssign</name>
         <load_address>0x2000ffe4</load_address>
         <readonly>true</readonly>
         <executable>true</executable>
         <run_address>0x2000ffe4</run_address>
         <size>0x4e</size>
         <alignment>0x2</alignment>
         <input_file_ref idref="fl-33"/>
      </object_component>
      <object_component id="oc-55">
         <name>.text.faultISR</name>
         <load_address>0x20010032</load_address>
         <readonly>true</readonly>
         <executable>true</executable>
         <run_address>0x20010032</run_address>
         <size>0x2</size>
         <alignment>0x2</alignment>
         <input_file_ref idref="fl-26"/>
      </object_component>
      <object_component id="oc-1b9">
         <name>.text.GPIO_setInterruptConfig</name>
         <load_address>0x20010034</load_address>
         <readonly>true</readonly>
         <executable>true</executable>
         <run_address>0x20010034</run_address>
         <size>0x4c</size>
         <alignment>0x4</alignment>
         <input_file_ref idref="fl-15"/>
      </object_component>
      <object_component id="oc-38a">
         <name>.text.PRCMLPDSRestoreInfoSet</name>
         <load_address>0x20010080</load_address>
         <readonly>true</readonly>
         <executable>true</executable>
         <run_address>0x20010080</run_address>
         <size>0x4c</size>
         <alignment>0x2</alignment>
         <input_file_ref idref="fl-2e"/>
      </object_component>
      <object_component id="oc-fd">
         <name>.text.TickFct_CheckHeat</name>
         <load_address>0x200100cc</load_address>
         <readonly>true</readonly>
         <executable>true</executable>
         <run_address>0x200100cc</run_address>
         <size>0x4c</size>
         <alignment>0x4</alignment>
         <input_file_ref idref="fl-1"/>
      </object_component>
      <object_component id="oc-22f">
         <name>.text.initHw</name>
         <load_address>0x20010118</load_address>
         <readonly>true</readonly>
         <executable>true</executable>
         <run_address>0x20010118</run_address>
         <size>0x4c</size>
         <alignment>0x2</alignment>
         <input_file_ref idref="fl-1b"/>
      </object_component>
      <object_component id="oc-2aa">
         <name>.text.UART2Support_dmaStopRx</name>
         <load_address>0x20010164</load_address>
         <readonly>true</readonly>
         <executable>true</executable>
         <run_address>0x20010164</run_address>
         <size>0x4a</size>
         <alignment>0x2</alignment>
         <input_file_ref idref="fl-1d"/>
      </object_component>
      <object_component id="oc-22e">
         <name>.text.getPrescaler</name>
         <load_address>0x200101ae</load_address>
         <readonly>true</readonly>
         <executable>true</executable>
         <run_address>0x200101ae</run_address>
         <size>0x4a</size>
         <alignment>0x2</alignment>
         <input_file_ref idref="fl-1b"/>
      </object_component>
      <object_component id="oc-335">
         <name>.text.uDMAChannelSizeGet</name>
         <load_address>0x200101f8</load_address>
         <readonly>true</readonly>
         <executable>true</executable>
         <run_address>0x200101f8</run_address>
         <size>0x4a</size>
         <alignment>0x2</alignment>
         <input_file_ref idref="fl-33"/>
      </object_component>
      <object_component id="oc-54">
         <name>.text.nmiISR</name>
         <load_address>0x20010242</load_address>
         <readonly>true</readonly>
         <executable>true</executable>
         <run_address>0x20010242</run_address>
         <size>0x2</size>
         <alignment>0x2</alignment>
         <input_file_ref idref="fl-26"/>
      </object_component>
      <object_component id="oc-58">
         <name>.text.ClockP_sysTickHandler</name>
         <load_address>0x20010244</load_address>
         <readonly>true</readonly>
         <executable>true</executable>
         <run_address>0x20010244</run_address>
         <size>0x48</size>
         <alignment>0x4</alignment>
         <input_file_ref idref="fl-23"/>
      </object_component>
      <object_component id="oc-319">
         <name>.text.PRCMIntEnable</name>
         <load_address>0x2001028c</load_address>
         <readonly>true</readonly>
         <executable>true</executable>
         <run_address>0x2001028c</run_address>
         <size>0x48</size>
         <alignment>0x2</alignment>
         <input_file_ref idref="fl-2e"/>
      </object_component>
      <object_component id="oc-246">
         <name>.text.PRCMPeripheralStatusGet</name>
         <load_address>0x200102d4</load_address>
         <readonly>true</readonly>
         <executable>true</executable>
         <run_address>0x200102d4</run_address>
         <size>0x48</size>
         <alignment>0x2</alignment>
         <input_file_ref idref="fl-2e"/>
      </object_component>
      <object_component id="oc-387">
         <name>.text.PinConfigGet</name>
         <load_address>0x2001031c</load_address>
         <readonly>true</readonly>
         <executable>true</executable>
         <run_address>0x2001031c</run_address>
         <size>0x48</size>
         <alignment>0x2</alignment>
         <input_file_ref idref="fl-2d"/>
      </object_component>
      <object_component id="oc-1a3">
         <name>.text.__fixdfsi</name>
         <load_address>0x20010364</load_address>
         <readonly>true</readonly>
         <executable>true</executable>
         <run_address>0x20010364</run_address>
         <size>0x48</size>
         <alignment>0x4</alignment>
         <input_file_ref idref="fl-dc"/>
      </object_component>
      <object_component id="oc-2be">
         <name>.text.I2CCC32XX_fillTransmitFifo</name>
         <load_address>0x200103ac</load_address>
         <readonly>true</readonly>
         <executable>true</executable>
         <run_address>0x200103ac</run_address>
         <size>0x46</size>
         <alignment>0x2</alignment>
         <input_file_ref idref="fl-17"/>
      </object_component>
      <object_component id="oc-31e">
         <name>.text.PRCMLPDSEnterKeepDebugIf</name>
         <load_address>0x200103f2</load_address>
         <readonly>true</readonly>
         <executable>true</executable>
         <run_address>0x200103f2</run_address>
         <size>0x46</size>
         <alignment>0x2</alignment>
         <input_file_ref idref="fl-2e"/>
      </object_component>
      <object_component id="oc-333">
         <name>.text.RingBuf_put</name>
         <load_address>0x20010438</load_address>
         <readonly>true</readonly>
         <executable>true</executable>
         <run_address>0x20010438</run_address>
         <size>0x46</size>
         <alignment>0x2</alignment>
         <input_file_ref idref="fl-1f"/>
      </object_component>
      <object_component id="oc-1b8">
         <name>.text.GPIODirModeSet</name>
         <load_address>0x2001047e</load_address>
         <readonly>true</readonly>
         <executable>true</executable>
         <run_address>0x2001047e</run_address>
         <size>0x44</size>
         <alignment>0x2</alignment>
         <input_file_ref idref="fl-29"/>
      </object_component>
      <object_component id="oc-249">
         <name>.text.GPIO_disableInt</name>
         <load_address>0x200104c4</load_address>
         <readonly>true</readonly>
         <executable>true</executable>
         <run_address>0x200104c4</run_address>
         <size>0x44</size>
         <alignment>0x4</alignment>
         <input_file_ref idref="fl-15"/>
      </object_component>
      <object_component id="oc-f3">
         <name>.text.GPIO_enableInt</name>
         <load_address>0x20010508</load_address>
         <readonly>true</readonly>
         <executable>true</executable>
         <run_address>0x20010508</run_address>
         <size>0x44</size>
         <alignment>0x4</alignment>
         <input_file_ref idref="fl-15"/>
      </object_component>
      <object_component id="oc-2ad">
         <name>.text.Power_releaseConstraint</name>
         <load_address>0x2001054c</load_address>
         <readonly>true</readonly>
         <executable>true</executable>
         <run_address>0x2001054c</run_address>
         <size>0x44</size>
         <alignment>0x4</alignment>
         <input_file_ref idref="fl-18"/>
      </object_component>
      <object_component id="oc-191">
         <name>.text.Timer_start</name>
         <load_address>0x20010590</load_address>
         <readonly>true</readonly>
         <executable>true</executable>
         <run_address>0x20010590</run_address>
         <size>0x44</size>
         <alignment>0x2</alignment>
         <input_file_ref idref="fl-1a"/>
      </object_component>
      <object_component id="oc-7d">
         <name>.text.addToList</name>
         <load_address>0x200105d4</load_address>
         <readonly>true</readonly>
         <executable>true</executable>
         <run_address>0x200105d4</run_address>
         <size>0x44</size>
         <alignment>0x4</alignment>
         <input_file_ref idref="fl-23"/>
      </object_component>
      <object_component id="oc-f6">
         <name>.text.initTimer</name>
         <load_address>0x20010618</load_address>
         <readonly>true</readonly>
         <executable>true</executable>
         <run_address>0x20010618</run_address>
         <size>0x44</size>
         <alignment>0x4</alignment>
         <input_file_ref idref="fl-1"/>
      </object_component>
      <object_component id="oc-ff">
         <name>.text.snprintf</name>
         <load_address>0x2001065c</load_address>
         <readonly>true</readonly>
         <executable>true</executable>
         <run_address>0x2001065c</run_address>
         <size>0x44</size>
         <alignment>0x4</alignment>
         <input_file_ref idref="fl-44"/>
      </object_component>
      <object_component id="oc-139">
         <name>.text.PinModeSet</name>
         <load_address>0x200106a0</load_address>
         <readonly>true</readonly>
         <executable>true</executable>
         <run_address>0x200106a0</run_address>
         <size>0x42</size>
         <alignment>0x2</alignment>
         <input_file_ref idref="fl-2d"/>
      </object_component>
      <object_component id="oc-2d5">
         <name>.text.TimerControlStall</name>
         <load_address>0x200106e2</load_address>
         <readonly>true</readonly>
         <executable>true</executable>
         <run_address>0x200106e2</run_address>
         <size>0x42</size>
         <alignment>0x2</alignment>
         <input_file_ref idref="fl-31"/>
      </object_component>
      <object_component id="oc-22d">
         <name>.text.Timer_close</name>
         <load_address>0x20010724</load_address>
         <readonly>true</readonly>
         <executable>true</executable>
         <run_address>0x20010724</run_address>
         <size>0x42</size>
         <alignment>0x2</alignment>
         <input_file_ref idref="fl-1b"/>
      </object_component>
      <object_component id="oc-258">
         <name>.text.getCountsRTC</name>
         <load_address>0x20010766</load_address>
         <readonly>true</readonly>
         <executable>true</executable>
         <run_address>0x20010766</run_address>
         <size>0x42</size>
         <alignment>0x2</alignment>
         <input_file_ref idref="fl-25"/>
      </object_component>
      <object_component id="oc-14d">
         <name>.text.SemaphoreP_post</name>
         <load_address>0x200107a8</load_address>
         <readonly>true</readonly>
         <executable>true</executable>
         <run_address>0x200107a8</run_address>
         <size>0x40</size>
         <alignment>0x4</alignment>
         <input_file_ref idref="fl-22"/>
      </object_component>
      <object_component id="oc-fe">
         <name>.text.TickFct_LedSwitch</name>
         <load_address>0x200107e8</load_address>
         <readonly>true</readonly>
         <executable>true</executable>
         <run_address>0x200107e8</run_address>
         <size>0x40</size>
         <alignment>0x4</alignment>
         <input_file_ref idref="fl-1"/>
      </object_component>
      <object_component id="oc-2cb">
         <name>.text.Timer_stop</name>
         <load_address>0x20010828</load_address>
         <readonly>true</readonly>
         <executable>true</executable>
         <run_address>0x20010828</run_address>
         <size>0x40</size>
         <alignment>0x2</alignment>
         <input_file_ref idref="fl-1a"/>
      </object_component>
      <object_component id="oc-2e5">
         <name>.text.atoi</name>
         <load_address>0x20010868</load_address>
         <readonly>true</readonly>
         <executable>true</executable>
         <run_address>0x20010868</run_address>
         <size>0x40</size>
         <alignment>0x4</alignment>
         <input_file_ref idref="fl-54"/>
      </object_component>
      <object_component id="oc-338">
         <name>.text.uDMAChannelControlSet</name>
         <load_address>0x200108a8</load_address>
         <readonly>true</readonly>
         <executable>true</executable>
         <run_address>0x200108a8</run_address>
         <size>0x40</size>
         <alignment>0x2</alignment>
         <input_file_ref idref="fl-33"/>
      </object_component>
      <object_component id="oc-389">
         <name>.text.PinDirModeSet</name>
         <load_address>0x200108e8</load_address>
         <readonly>true</readonly>
         <executable>true</executable>
         <run_address>0x200108e8</run_address>
         <size>0x3e</size>
         <alignment>0x2</alignment>
         <input_file_ref idref="fl-2d"/>
      </object_component>
      <object_component id="oc-270">
         <name>.text.ClockP_stop</name>
         <load_address>0x20010928</load_address>
         <readonly>true</readonly>
         <executable>true</executable>
         <run_address>0x20010928</run_address>
         <size>0x3c</size>
         <alignment>0x4</alignment>
         <input_file_ref idref="fl-23"/>
      </object_component>
      <object_component id="oc-200">
         <name>.text.UDMACC32XX_init</name>
         <load_address>0x20010964</load_address>
         <readonly>true</readonly>
         <executable>true</executable>
         <run_address>0x20010964</run_address>
         <size>0x3c</size>
         <alignment>0x4</alignment>
         <input_file_ref idref="fl-20"/>
      </object_component>
      <object_component id="oc-237">
         <name>.text.TimerSupport_timerEnable</name>
         <load_address>0x200109a0</load_address>
         <readonly>true</readonly>
         <executable>true</executable>
         <run_address>0x200109a0</run_address>
         <size>0x3a</size>
         <alignment>0x2</alignment>
         <input_file_ref idref="fl-1b"/>
      </object_component>
      <object_component id="oc-1e4">
         <name>.text.ClockP_destruct</name>
         <load_address>0x200109dc</load_address>
         <readonly>true</readonly>
         <executable>true</executable>
         <run_address>0x200109dc</run_address>
         <size>0x38</size>
         <alignment>0x4</alignment>
         <input_file_ref idref="fl-23"/>
      </object_component>
      <object_component id="oc-2da">
         <name>.text.Power_setConstraint</name>
         <load_address>0x20010a14</load_address>
         <readonly>true</readonly>
         <executable>true</executable>
         <run_address>0x20010a14</run_address>
         <size>0x38</size>
         <alignment>0x4</alignment>
         <input_file_ref idref="fl-18"/>
      </object_component>
      <object_component id="oc-2fd">
         <name>.text.RingBuf_putAdvance</name>
         <load_address>0x20010a4c</load_address>
         <readonly>true</readonly>
         <executable>true</executable>
         <run_address>0x20010a4c</run_address>
         <size>0x38</size>
         <alignment>0x2</alignment>
         <input_file_ref idref="fl-1f"/>
      </object_component>
      <object_component id="oc-269">
         <name>.text.SwiP_restore</name>
         <load_address>0x20010a84</load_address>
         <readonly>true</readonly>
         <executable>true</executable>
         <run_address>0x20010a84</run_address>
         <size>0x38</size>
         <alignment>0x4</alignment>
         <input_file_ref idref="fl-27"/>
      </object_component>
      <object_component id="oc-29f">
         <name>.text.UDMACC32XX_close</name>
         <load_address>0x20010abc</load_address>
         <readonly>true</readonly>
         <executable>true</executable>
         <run_address>0x20010abc</run_address>
         <size>0x38</size>
         <alignment>0x4</alignment>
         <input_file_ref idref="fl-20"/>
      </object_component>
      <object_component id="oc-10b">
         <name>.text.__floatsisf</name>
         <load_address>0x20010af4</load_address>
         <readonly>true</readonly>
         <executable>true</executable>
         <run_address>0x20010af4</run_address>
         <size>0x38</size>
         <alignment>0x4</alignment>
         <input_file_ref idref="fl-de"/>
      </object_component>
      <object_component id="oc-199">
         <name>.text.__gtsf2</name>
         <load_address>0x20010b2c</load_address>
         <readonly>true</readonly>
         <executable>true</executable>
         <run_address>0x20010b2c</run_address>
         <size>0x38</size>
         <alignment>0x4</alignment>
         <input_file_ref idref="fl-e4"/>
      </object_component>
      <object_component id="oc-bf">
         <name>.text:__TI_auto_init_nobinit_nopinit</name>
         <load_address>0x20010b64</load_address>
         <readonly>true</readonly>
         <executable>true</executable>
         <run_address>0x20010b64</run_address>
         <size>0x38</size>
         <alignment>0x4</alignment>
         <input_file_ref idref="fl-57"/>
      </object_component>
      <object_component id="oc-314">
         <name>.text.PinLock</name>
         <load_address>0x20010b9c</load_address>
         <readonly>true</readonly>
         <executable>true</executable>
         <run_address>0x20010b9c</run_address>
         <size>0x36</size>
         <alignment>0x2</alignment>
         <input_file_ref idref="fl-2d"/>
      </object_component>
      <object_component id="oc-234">
         <name>.text.TimerCC32XX_hwiIntFunction</name>
         <load_address>0x20010bd2</load_address>
         <readonly>true</readonly>
         <executable>true</executable>
         <run_address>0x20010bd2</run_address>
         <size>0x36</size>
         <alignment>0x2</alignment>
         <input_file_ref idref="fl-1b"/>
      </object_component>
      <object_component id="oc-37b">
         <name>.text.UARTCharPutNonBlocking</name>
         <load_address>0x20010c08</load_address>
         <readonly>true</readonly>
         <executable>true</executable>
         <run_address>0x20010c08</run_address>
         <size>0x36</size>
         <alignment>0x2</alignment>
         <input_file_ref idref="fl-32"/>
      </object_component>
      <object_component id="oc-194">
         <name>.text.__eqsf2</name>
         <load_address>0x20010c40</load_address>
         <readonly>true</readonly>
         <executable>true</executable>
         <run_address>0x20010c40</run_address>
         <size>0x36</size>
         <alignment>0x4</alignment>
         <input_file_ref idref="fl-e4"/>
      </object_component>
      <object_component id="oc-1e1">
         <name>.text.ClockP_start</name>
         <load_address>0x20010c78</load_address>
         <readonly>true</readonly>
         <executable>true</executable>
         <run_address>0x20010c78</run_address>
         <size>0x34</size>
         <alignment>0x4</alignment>
         <input_file_ref idref="fl-23"/>
      </object_component>
      <object_component id="oc-33f">
         <name>.text.I2CFIFODataPutNonBlocking</name>
         <load_address>0x20010cac</load_address>
         <readonly>true</readonly>
         <executable>true</executable>
         <run_address>0x20010cac</run_address>
         <size>0x34</size>
         <alignment>0x2</alignment>
         <input_file_ref idref="fl-2b"/>
      </object_component>
      <object_component id="oc-388">
         <name>.text.PinDirModeGet</name>
         <load_address>0x20010ce0</load_address>
         <readonly>true</readonly>
         <executable>true</executable>
[...]
         <name>PRCMLPDSRestoreInfoSet</name>
         <value>0x20010081</value>
         <object_component_ref idref="oc-38a"/>
      </symbol>
      <symbol id="sm-5fe">
         <name>PRCMLPDSWakeUpGPIOSelect</name>
         <value>0x2001112f</value>
         <object_component_ref idref="oc-1ce"/>
      </symbol>
      <symbol id="sm-5ff">
         <name>PRCMLPDSWakeupCauseGet</name>
         <value>0x20011d15</value>
         <object_component_ref idref="oc-31c"/>
      </symbol>
      <symbol id="sm-600">
         <name>PRCMLPDSWakeupSourceDisable</name>
         <value>0x2001178b</value>
         <object_component_ref idref="oc-1cd"/>
      </symbol>
      <symbol id="sm-601">
         <name>PRCMLPDSWakeupSourceEnable</name>
         <value>0x20011381</value>
         <object_component_ref idref="oc-1cc"/>
      </symbol>
      <symbol id="sm-602">
         <name>PRCMPeripheralClkDisable</name>
         <value>0x20011159</value>
         <object_component_ref idref="oc-133"/>
      </symbol>
      <symbol id="sm-603">
         <name>PRCMPeripheralClkEnable</name>
         <value>0x2000fc95</value>
         <object_component_ref idref="oc-131"/>
      </symbol>
      <symbol id="sm-604">
         <name>PRCMPeripheralReset</name>
         <value>0x2000f85d</value>
         <object_component_ref idref="oc-132"/>
      </symbol>
      <symbol id="sm-605">
         <name>PRCMPeripheralStatusGet</name>
         <value>0x200102d5</value>
         <object_component_ref idref="oc-246"/>
      </symbol>
      <symbol id="sm-606">
         <name>PRCMSRAMRetentionEnable</name>
         <value>0x20011275</value>
         <object_component_ref idref="oc-311"/>
      </symbol>
      <symbol id="sm-607">
         <name>PRCMSleepEnter</name>
         <value>0x20011de9</value>
         <object_component_ref idref="oc-268"/>
      </symbol>
      <symbol id="sm-608">
         <name>PRCMSlowClkCtrFastGet</name>
         <value>0x20010ea9</value>
         <object_component_ref idref="oc-308"/>
      </symbol>
      <symbol id="sm-609">
         <name>PRCMSysResetCauseGet</name>
         <value>0x2000f269</value>
         <object_component_ref idref="oc-12a"/>
      </symbol>
      <symbol id="sm-627">
         <name>SysTickEnable</name>
         <value>0x20011ac3</value>
         <object_component_ref idref="oc-266"/>
      </symbol>
      <symbol id="sm-628">
         <name>SysTickIntDisable</name>
         <value>0x20011ad5</value>
         <object_component_ref idref="oc-25d"/>
      </symbol>
      <symbol id="sm-629">
         <name>SysTickIntEnable</name>
         <value>0x20011ae7</value>
         <object_component_ref idref="oc-267"/>
      </symbol>
      <symbol id="sm-62a">
         <name>SysTickPeriodSet</name>
         <value>0x200118a9</value>
         <object_component_ref idref="oc-265"/>
      </symbol>
      <symbol id="sm-669">
         <name>TimerControlStall</name>
         <value>0x200106e3</value>
         <object_component_ref idref="oc-2d5"/>
      </symbol>
      <symbol id="sm-66a">
         <name>TimerDisable</name>
         <value>0x200115a1</value>
         <object_component_ref idref="oc-2ce"/>
      </symbol>
      <symbol id="sm-66b">
         <name>TimerEnable</name>
         <value>0x200117bf</value>
         <object_component_ref idref="oc-2db"/>
      </symbol>
      <symbol id="sm-66c">
         <name>TimerIntClear</name>
         <value>0x20011bad</value>
         <object_component_ref idref="oc-2d8"/>
      </symbol>
      <symbol id="sm-66d">
         <name>TimerIntDisable</name>
         <value>0x200118bf</value>
         <object_component_ref idref="oc-397"/>
      </symbol>
      <symbol id="sm-66e">
         <name>TimerIntEnable</name>
         <value>0x200119cd</value>
         <object_component_ref idref="oc-2d9"/>
      </symbol>
      <symbol id="sm-66f">
         <name>TimerLoadSet</name>
         <value>0x20010ed9</value>
         <object_component_ref idref="oc-2d4"/>
      </symbol>
      <symbol id="sm-670">
         <name>TimerPrescaleSet</name>
         <value>0x20010f09</value>
         <object_component_ref idref="oc-2d3"/>
      </symbol>
      <symbol id="sm-6da">
         <name>UARTBusy</name>
         <value>0x20011bdd</value>
         <object_component_ref idref="oc-37c"/>
      </symbol>
      <symbol id="sm-6db">
         <name>UARTCharPutNonBlocking</name>
         <value>0x20010c09</value>
         <object_component_ref idref="oc-37b"/>
      </symbol>
      <symbol id="sm-6dc">
         <name>UARTCharsAvail</name>
         <value>0x200118d5</value>
         <object_component_ref idref="oc-2ab"/>
      </symbol>
      <symbol id="sm-6dd">
         <name>UARTConfigSetExpClk</name>
         <value>0x2000f55d</value>
         <object_component_ref idref="oc-283"/>
      </symbol>
      <symbol id="sm-6de">
         <name>UARTDMADisable</name>
         <value>0x200118eb</value>
         <object_component_ref idref="oc-29a"/>
      </symbol>
      <symbol id="sm-6df">
         <name>UARTDMAEnable</name>
         <value>0x200119e1</value>
         <object_component_ref idref="oc-33b"/>
      </symbol>
      <symbol id="sm-6e0">
         <name>UARTDisable</name>
         <value>0x20011023</value>
         <object_component_ref idref="oc-29c"/>
      </symbol>
      <symbol id="sm-6e1">
         <name>UARTEnable</name>
         <value>0x200115fd</value>
         <object_component_ref idref="oc-289"/>
      </symbol>
      <symbol id="sm-6e2">
         <name>UARTFIFOLevelSet</name>
         <value>0x20011901</value>
         <object_component_ref idref="oc-28b"/>
      </symbol>
      <symbol id="sm-6e3">
         <name>UARTFlowControlSet</name>
         <value>0x200117d9</value>
         <object_component_ref idref="oc-28c"/>
      </symbol>
      <symbol id="sm-6e4">
         <name>UARTIntClear</name>
         <value>0x20011bed</value>
         <object_component_ref idref="oc-288"/>
      </symbol>
      <symbol id="sm-6e5">
         <name>UARTIntDisable</name>
         <value>0x20011917</value>
         <object_component_ref idref="oc-299"/>
      </symbol>
      <symbol id="sm-6e6">
         <name>UARTIntEnable</name>
         <value>0x200119f5</value>
         <object_component_ref idref="oc-28a"/>
      </symbol>
      <symbol id="sm-6e7">
         <name>UARTIntStatus</name>
         <value>0x20011183</value>
         <object_component_ref idref="oc-2a6"/>
      </symbol>
      <symbol id="sm-6e8">
         <name>UARTRxErrorGet</name>
         <value>0x20011bfd</value>
         <object_component_ref idref="oc-2a8"/>
      </symbol>
      <symbol id="sm-741">
         <name>uDMAChannelAssign</name>
         <value>0x2000ffe5</value>
         <object_component_ref idref="oc-28d"/>
      </symbol>
      <symbol id="sm-742">
         <name>uDMAChannelAttributeDisable</name>
         <value>0x2000f147</value>
         <object_component_ref idref="oc-28e"/>
      </symbol>
      <symbol id="sm-743">
         <name>uDMAChannelControlSet</name>
         <value>0x200108a9</value>
         <object_component_ref idref="oc-338"/>
      </symbol>
      <symbol id="sm-744">
         <name>uDMAChannelDisable</name>
         <value>0x20011639</value>
         <object_component_ref idref="oc-334"/>
      </symbol>
      <symbol id="sm-745">
         <name>uDMAChannelEnable</name>
         <value>0x20011657</value>
         <object_component_ref idref="oc-33a"/>
      </symbol>
      <symbol id="sm-746">
         <name>uDMAChannelIsEnabled</name>
         <value>0x20011675</value>
         <object_component_ref idref="oc-2a9"/>
      </symbol>
      <symbol id="sm-747">
         <name>uDMAChannelSizeGet</name>
         <value>0x200101f9</value>
         <object_component_ref idref="oc-335"/>
      </symbol>
      <symbol id="sm-748">
         <name>uDMAChannelTransferSet</name>
         <value>0x2000e1fb</value>
         <object_component_ref idref="oc-339"/>
      </symbol>
      <symbol id="sm-749">
         <name>uDMAControlBaseSet</name>
         <value>0x20011a1d</value>
         <object_component_ref idref="oc-280"/>
      </symbol>
      <symbol id="sm-74a">
         <name>uDMAEnable</name>
         <value>0x20011c95</value>
         <object_component_ref idref="oc-27b"/>
      </symbol>
      <symbol id="sm-74b">
         <name>uDMAErrorStatusClear</name>
         <value>0x20011ca3</value>
         <object_component_ref idref="oc-3ab"/>
      </symbol>
      <symbol id="sm-74c">
         <name>uDMAErrorStatusGet</name>
         <value>0x20011d75</value>
         <object_component_ref idref="oc-3aa"/>
      </symbol>
      <symbol id="sm-74d">
         <name>uDMAIntClear</name>
         <value>0x20011a31</value>
         <object_component_ref idref="oc-336"/>
      </symbol>
      <symbol id="sm-758">
         <name>UtilsDelay</name>
         <value>0x20011df1</value>
         <object_component_ref idref="oc-12b"/>
      </symbol>
      <symbol id="sm-785">
         <name>FlashDisable</name>
         <value>0x2000fb25</value>
         <object_component_ref idref="oc-38c"/>
      </symbol>
      <symbol id="sm-796">
         <name>snprintf</name>
         <value>0x2001065d</value>
         <object_component_ref idref="oc-ff"/>
      </symbol>
      <symbol id="sm-7b6">
         <name>malloc</name>
         <value>0x20011e09</value>
         <object_component_ref idref="oc-247"/>
      </symbol>
      <symbol id="sm-7b7">
         <name>aligned_alloc</name>
         <value>0x2000dfc1</value>
         <object_component_ref idref="oc-302"/>
      </symbol>
      <symbol id="sm-7b8">
         <name>free</name>
         <value>0x2000e505</value>
         <object_component_ref idref="oc-1de"/>
      </symbol>
      <symbol id="sm-7b9">
         <name>_sys_memory</name>
         <value>0x20004040</value>
         <object_component_ref idref="oc-31"/>
      </symbol>
      <symbol id="sm-7ba">
         <name>memalign</name>
         <value>0x2000dfc1</value>
         <object_component_ref idref="oc-302"/>
      </symbol>
      <symbol id="sm-7c4">
         <name>__TI_zero_init</name>
         <value>0x20011c4d</value>
         <object_component_ref idref="oc-49"/>
      </symbol>
      <symbol id="sm-7cd">
         <name>__TI_decompress_none</name>
         <value>0x20011cbf</value>
         <object_component_ref idref="oc-1c"/>
      </symbol>
      <symbol id="sm-7d7">
         <name>__TI_decompress_lzss</name>
         <value>0x2000f5d1</value>
         <object_component_ref idref="oc-18"/>
      </symbol>
      <symbol id="sm-7e2">
         <name>_c_int00_noargs</name>
         <value>0x20011435</value>
         <object_component_ref idref="oc-76"/>
      </symbol>
      <symbol id="sm-7e3">
         <name>__stack</name>
         <value>0x20003000</value>
         <object_component_ref idref="oc-16"/>
      </symbol>
      <symbol id="sm-804">
         <name>__TI_printfi_nofloat</name>
         <value>0x2000c041</value>
         <object_component_ref idref="oc-242"/>
      </symbol>
      <symbol id="sm-811">
         <name>__aeabi_errno_addr</name>
         <value>0x20011df9</value>
         <object_component_ref idref="oc-2ed"/>
      </symbol>
      <symbol id="sm-812">
         <name>__aeabi_errno</name>
         <value>0x20013780</value>
         <object_component_ref idref="oc-353"/>
      </symbol>
      <symbol id="sm-81c">
         <name>abort</name>
         <value>0x20011e55</value>
         <object_component_ref idref="oc-b8"/>
      </symbol>
      <symbol id="sm-81d">
         <name>C$$EXIT</name>
         <value>0x20011e54</value>
         <object_component_ref idref="oc-b8"/>
      </symbol>
      <symbol id="sm-826">
         <name>_nop</name>
         <value>0x2000f9ff</value>
         <object_component_ref idref="oc-1bd"/>
      </symbol>
      <symbol id="sm-827">
         <name>_lock</name>
         <value>0x20013784</value>
         <object_component_ref idref="oc-120"/>
      </symbol>
      <symbol id="sm-828">
         <name>_unlock</name>
         <value>0x20013788</value>
         <object_component_ref idref="oc-123"/>
      </symbol>
      <symbol id="sm-835">
         <name>atoi</name>
         <value>0x20010869</value>
         <object_component_ref idref="oc-2e5"/>
      </symbol>
      <symbol id="sm-83f">
         <name>memccpy</name>
         <value>0x2001161b</value>
         <object_component_ref idref="oc-2de"/>
      </symbol>
      <symbol id="sm-84a">
         <name>__TI_auto_init_nobinit_nopinit</name>
         <value>0x20010b65</value>
         <object_component_ref idref="oc-bf"/>
      </symbol>
      <symbol id="sm-852">
         <name>_system_pre_init</name>
         <value>0x20011e51</value>
         <object_component_ref idref="oc-8b"/>
      </symbol>
      <symbol id="sm-85c">
         <name>wcslen</name>
         <value>0x20011c3d</value>
         <object_component_ref idref="oc-2e9"/>
      </symbol>
      <symbol id="sm-862">
         <name>__aeabi_ctype_table_</name>
         <value>0x20012a20</value>
         <object_component_ref idref="oc-34c"/>
      </symbol>
      <symbol id="sm-863">
         <name>__aeabi_ctype_table_C</name>
         <value>0x20012a20</value>
         <object_component_ref idref="oc-34c"/>
      </symbol>
      <symbol id="sm-87b">
         <name>__aeabi_dmul</name>
         <value>0x2000e30d</value>
         <object_component_ref idref="oc-19f"/>
      </symbol>
      <symbol id="sm-87c">
         <name>__muldf3</name>
         <value>0x2000e30d</value>
         <object_component_ref idref="oc-19f"/>
      </symbol>
      <symbol id="sm-882">
         <name>__aeabi_fadd</name>
         <value>0x2000e40d</value>
         <object_component_ref idref="oc-10f"/>
      </symbol>
      <symbol id="sm-883">
         <name>__addsf3</name>
         <value>0x2000e40d</value>
         <object_component_ref idref="oc-10f"/>
      </symbol>
      <symbol id="sm-884">
         <name>__aeabi_fsub</name>
         <value>0x2000e409</value>
         <object_component_ref idref="oc-10f"/>
      </symbol>
      <symbol id="sm-885">
         <name>__subsf3</name>
         <value>0x2000e409</value>
         <object_component_ref idref="oc-10f"/>
      </symbol>
      <symbol id="sm-88b">
         <name>__aeabi_d2iz</name>
         <value>0x20010365</value>
         <object_component_ref idref="oc-1a3"/>
      </symbol>
      <symbol id="sm-88c">
         <name>__fixdfsi</name>
         <value>0x20010365</value>
         <object_component_ref idref="oc-1a3"/>
      </symbol>
      <symbol id="sm-892">
         <name>__aeabi_i2d</name>
         <value>0x20011051</value>
         <object_component_ref idref="oc-19b"/>
      </symbol>
      <symbol id="sm-893">
         <name>__floatsidf</name>
         <value>0x20011051</value>
         <object_component_ref idref="oc-19b"/>
      </symbol>
      <symbol id="sm-899">
         <name>__aeabi_i2f</name>
         <value>0x20010af5</value>
         <object_component_ref idref="oc-10b"/>
      </symbol>
      <symbol id="sm-89a">
         <name>__floatsisf</name>
         <value>0x20010af5</value>
         <object_component_ref idref="oc-10b"/>
      </symbol>
      <symbol id="sm-8a0">
         <name>__aeabi_fcmpeq</name>
         <value>0x2000fa01</value>
         <object_component_ref idref="oc-f7"/>
      </symbol>
      <symbol id="sm-8a1">
         <name>__aeabi_fcmplt</name>
         <value>0x2000fa15</value>
         <object_component_ref idref="oc-f7"/>
      </symbol>
      <symbol id="sm-8a2">
         <name>__aeabi_fcmple</name>
         <value>0x2000fa29</value>
         <object_component_ref idref="oc-f7"/>
      </symbol>
      <symbol id="sm-8a3">
         <name>__aeabi_fcmpge</name>
         <value>0x2000fa3d</value>
         <object_component_ref idref="oc-f7"/>
      </symbol>
      <symbol id="sm-8a4">
         <name>__aeabi_fcmpgt</name>
         <value>0x2000fa51</value>
         <object_component_ref idref="oc-f7"/>
      </symbol>
      <symbol id="sm-8aa">
         <name>__aeabi_memcpy</name>
         <value>0x20011e4d</value>
         <object_component_ref idref="oc-3c"/>
      </symbol>
      <symbol id="sm-8ab">
         <name>__aeabi_memcpy4</name>
         <value>0x20011e4d</value>
         <object_component_ref idref="oc-3c"/>
      </symbol>
      <symbol id="sm-8ac">
         <name>__aeabi_memcpy8</name>
         <value>0x20011e4d</value>
         <object_component_ref idref="oc-3c"/>
      </symbol>
      <symbol id="sm-8b5">
         <name>__aeabi_memset</name>
         <value>0x20011dbd</value>
         <object_component_ref idref="oc-2dd"/>
      </symbol>
      <symbol id="sm-8b6">
         <name>__aeabi_memset4</name>
         <value>0x20011dbd</value>
         <object_component_ref idref="oc-2dd"/>
      </symbol>
      <symbol id="sm-8b7">
         <name>__aeabi_memset8</name>
         <value>0x20011dbd</value>
         <object_component_ref idref="oc-2dd"/>
      </symbol>
      <symbol id="sm-8b8">
         <name>__aeabi_memclr</name>
         <value>0x20011e01</value>
         <object_component_ref idref="oc-67"/>
      </symbol>
      <symbol id="sm-8b9">
         <name>__aeabi_memclr4</name>
         <value>0x20011e01</value>
         <object_component_ref idref="oc-67"/>
      </symbol>
      <symbol id="sm-8ba">
         <name>__aeabi_memclr8</name>
         <value>0x20011e01</value>
         <object_component_ref idref="oc-67"/>
      </symbol>
      <symbol id="sm-8c0">
         <name>__aeabi_uldivmod</name>
         <value>0x20011a09</value>
         <object_component_ref idref="oc-259"/>
      </symbol>
      <symbol id="sm-8c9">
         <name>__eqsf2</name>
         <value>0x20010c41</value>
         <object_component_ref idref="oc-194"/>
      </symbol>
      <symbol id="sm-8ca">
         <name>__lesf2</name>
         <value>0x20010c41</value>
         <object_component_ref idref="oc-194"/>
      </symbol>
      <symbol id="sm-8cb">
         <name>__ltsf2</name>
         <value>0x20010c41</value>
         <object_component_ref idref="oc-194"/>
      </symbol>
      <symbol id="sm-8cc">
         <name>__nesf2</name>
         <value>0x20010c41</value>
         <object_component_ref idref="oc-194"/>
      </symbol>
      <symbol id="sm-8cd">
         <name>__cmpsf2</name>
         <value>0x20010c41</value>
         <object_component_ref idref="oc-194"/>
      </symbol>
      <symbol id="sm-8ce">
         <name>__gtsf2</name>
         <value>0x20010b2d</value>
         <object_component_ref idref="oc-199"/>
      </symbol>
      <symbol id="sm-8cf">
         <name>__gesf2</name>
         <value>0x20010b2d</value>
         <object_component_ref idref="oc-199"/>
      </symbol>
      <symbol id="sm-8d5">
         <name>__udivmoddi4</name>
         <value>0x2000eb9d</value>
         <object_component_ref idref="oc-309"/>
      </symbol>
      <symbol id="sm-8e0">
         <name>__aeabi_ldiv0</name>
         <value>0x2000f8c7</value>
         <object_component_ref idref="oc-380"/>
      </symbol>
      <symbol id="sm-8e9">
         <name>TI_memcpy_small</name>
         <value>0x20011b0b</value>
         <object_component_ref idref="oc-81"/>
      </symbol>
      <symbol id="sm-8f1">
         <name>TI_memset_small</name>
         <value>0x20011cb1</value>
         <object_component_ref idref="oc-9e"/>
      </symbol>
      <symbol id="sm-8f2">
         <name>__TI_static_base__</name>
         <value>0x20011e58</value>
      </symbol>
      <symbol id="sm-8f5">
         <name>ITM_flush</name>
         <value>0x0</value>
      </symbol>
      <symbol id="sm-8f6">
         <name>ITM_restore</name>
         <value>0x0</value>
      </symbol>
      <symbol id="sm-8f7">
         <name>__mpu_init</name>
         <value>0x0</value>
      </symbol>
      <symbol id="sm-8f8">
         <name>_system_post_cinit</name>
         <value>0x0</value>
      </symbol>
   </symbol_table>
   <title>Link successful</title>
</link_info>
